Archive member included to satisfy reference by file (symbol)

c:/users/shu/desktop/freedomstudio-4.18.0.2021-04-1-x86_64-w64-mingw32/sifive/riscv64-unknown-elf-toolchain-10.2.0-2020.12.8/bin/../lib/gcc/riscv64-unknown-elf/10.2.0/../../../../riscv64-unknown-elf/lib/rv32imac/ilp32\libc_nano.a(lib_a-memset.o)
                              C:\Users\shu\AppData\Local\Temp\ccarwHry.o (memset)
c:/users/shu/desktop/freedomstudio-4.18.0.2021-04-1-x86_64-w64-mingw32/sifive/riscv64-unknown-elf-toolchain-10.2.0-2020.12.8/bin/../lib/gcc/riscv64-unknown-elf/10.2.0/../../../../riscv64-unknown-elf/lib/rv32imac/ilp32\libc_nano.a(lib_a-printf.o)
                              C:\Users\shu\AppData\Local\Temp\ccarwHry.o (printf)
c:/users/shu/desktop/freedomstudio-4.18.0.2021-04-1-x86_64-w64-mingw32/sifive/riscv64-unknown-elf-toolchain-10.2.0-2020.12.8/bin/../lib/gcc/riscv64-unknown-elf/10.2.0/../../../../riscv64-unknown-elf/lib/rv32imac/ilp32\libc_nano.a(lib_a-findfp.o)
                              c:/users/shu/desktop/freedomstudio-4.18.0.2021-04-1-x86_64-w64-mingw32/sifive/riscv64-unknown-elf-toolchain-10.2.0-2020.12.8/bin/../lib/gcc/riscv64-unknown-elf/10.2.0/../../../../riscv64-unknown-elf/lib/rv32imac/ilp32\libc_nano.a(lib_a-printf.o) (__sinit)
c:/users/shu/desktop/freedomstudio-4.18.0.2021-04-1-x86_64-w64-mingw32/sifive/riscv64-unknown-elf-toolchain-10.2.0-2020.12.8/bin/../lib/gcc/riscv64-unknown-elf/10.2.0/../../../../riscv64-unknown-elf/lib/rv32imac/ilp32\libc_nano.a(lib_a-fwalk.o)
                              c:/users/shu/desktop/freedomstudio-4.18.0.2021-04-1-x86_64-w64-mingw32/sifive/riscv64-unknown-elf-toolchain-10.2.0-2020.12.8/bin/../lib/gcc/riscv64-unknown-elf/10.2.0/../../../../riscv64-unknown-elf/lib/rv32imac/ilp32\libc_nano.a(lib_a-findfp.o) (_fwalk)
c:/users/shu/desktop/freedomstudio-4.18.0.2021-04-1-x86_64-w64-mingw32/sifive/riscv64-unknown-elf-toolchain-10.2.0-2020.12.8/bin/../lib/gcc/riscv64-unknown-elf/10.2.0/../../../../riscv64-unknown-elf/lib/rv32imac/ilp32\libc_nano.a(lib_a-impure.o)
                              c:/users/shu/desktop/freedomstudio-4.18.0.2021-04-1-x86_64-w64-mingw32/sifive/riscv64-unknown-elf-toolchain-10.2.0-2020.12.8/bin/../lib/gcc/riscv64-unknown-elf/10.2.0/../../../../riscv64-unknown-elf/lib/rv32imac/ilp32\libc_nano.a(lib_a-findfp.o) (_global_impure_ptr)
c:/users/shu/desktop/freedomstudio-4.18.0.2021-04-1-x86_64-w64-mingw32/sifive/riscv64-unknown-elf-toolchain-10.2.0-2020.12.8/bin/../lib/gcc/riscv64-unknown-elf/10.2.0/../../../../riscv64-unknown-elf/lib/rv32imac/ilp32\libc_nano.a(lib_a-nano-mallocr.o)
                              c:/users/shu/desktop/freedomstudio-4.18.0.2021-04-1-x86_64-w64-mingw32/sifive/riscv64-unknown-elf-toolchain-10.2.0-2020.12.8/bin/../lib/gcc/riscv64-unknown-elf/10.2.0/../../../../riscv64-unknown-elf/lib/rv32imac/ilp32\libc_nano.a(lib_a-findfp.o) (_malloc_r)
c:/users/shu/desktop/freedomstudio-4.18.0.2021-04-1-x86_64-w64-mingw32/sifive/riscv64-unknown-elf-toolchain-10.2.0-2020.12.8/bin/../lib/gcc/riscv64-unknown-elf/10.2.0/../../../../riscv64-unknown-elf/lib/rv32imac/ilp32\libc_nano.a(lib_a-nano-vfprintf.o)
                              c:/users/shu/desktop/freedomstudio-4.18.0.2021-04-1-x86_64-w64-mingw32/sifive/riscv64-unknown-elf-toolchain-10.2.0-2020.12.8/bin/../lib/gcc/riscv64-unknown-elf/10.2.0/../../../../riscv64-unknown-elf/lib/rv32imac/ilp32\libc_nano.a(lib_a-printf.o) (_vfprintf_r)
c:/users/shu/desktop/freedomstudio-4.18.0.2021-04-1-x86_64-w64-mingw32/sifive/riscv64-unknown-elf-toolchain-10.2.0-2020.12.8/bin/../lib/gcc/riscv64-unknown-elf/10.2.0/../../../../riscv64-unknown-elf/lib/rv32imac/ilp32\libc_nano.a(lib_a-sbrkr.o)
                              c:/users/shu/desktop/freedomstudio-4.18.0.2021-04-1-x86_64-w64-mingw32/sifive/riscv64-unknown-elf-toolchain-10.2.0-2020.12.8/bin/../lib/gcc/riscv64-unknown-elf/10.2.0/../../../../riscv64-unknown-elf/lib/rv32imac/ilp32\libc_nano.a(lib_a-nano-mallocr.o) (_sbrk_r)
c:/users/shu/desktop/freedomstudio-4.18.0.2021-04-1-x86_64-w64-mingw32/sifive/riscv64-unknown-elf-toolchain-10.2.0-2020.12.8/bin/../lib/gcc/riscv64-unknown-elf/10.2.0/../../../../riscv64-unknown-elf/lib/rv32imac/ilp32\libc_nano.a(lib_a-stdio.o)
                              c:/users/shu/desktop/freedomstudio-4.18.0.2021-04-1-x86_64-w64-mingw32/sifive/riscv64-unknown-elf-toolchain-10.2.0-2020.12.8/bin/../lib/gcc/riscv64-unknown-elf/10.2.0/../../../../riscv64-unknown-elf/lib/rv32imac/ilp32\libc_nano.a(lib_a-findfp.o) (__sread)
c:/users/shu/desktop/freedomstudio-4.18.0.2021-04-1-x86_64-w64-mingw32/sifive/riscv64-unknown-elf-toolchain-10.2.0-2020.12.8/bin/../lib/gcc/riscv64-unknown-elf/10.2.0/../../../../riscv64-unknown-elf/lib/rv32imac/ilp32\libc_nano.a(lib_a-wbuf.o)
[...]
Memory Configuration

Name             Origin             Length             Attributes
itim             0x0000000008000000 0x0000000000002000 axrwl
ram              0x0000000080000000 0x0000000000004000 arw !xl
rom              0x0000000020010000 0x000000000006a120 xrl !aw
*default*        0x0000000000000000 0xffffffffffffffff

Linker script and memory map

LOAD C:\Users\shu\AppData\Local\Temp\ccarwHry.o
LOAD C:\Users\shu\AppData\Local\Temp\cc3rw0Hm.o
LOAD C:\Users\shu\AppData\Local\Temp\ccYTnK9c.o
LOAD C:\Users\shu\AppData\Local\Temp\ccVuFH09.o
START GROUP
LOAD c:/users/shu/desktop/freedomstudio-4.18.0.2021-04-1-x86_64-w64-mingw32/sifive/riscv64-unknown-elf-toolchain-10.2.0-2020.12.8/bin/../lib/gcc/riscv64-unknown-elf/10.2.0/../../../../riscv64-unknown-elf/lib/rv32imac/ilp32\libc_nano.a
LOAD c:/users/shu/desktop/freedomstudio-4.18.0.2021-04-1-x86_64-w64-mingw32/sifive/riscv64-unknown-elf-toolchain-10.2.0-2020.12.8/bin/../lib/gcc/riscv64-unknown-elf/10.2.0/rv32imac/ilp32\libgcc.a
LOAD c:/users/shu/desktop/freedomstudio-4.18.0.2021-04-1-x86_64-w64-mingw32/sifive/riscv64-unknown-elf-toolchain-10.2.0-2020.12.8/bin/../lib/gcc/riscv64-unknown-elf/10.2.0/../../../../riscv64-unknown-elf/lib/rv32imac/ilp32\libm_nano.a
LOAD C:/Users/shu/wsFreedomStudio/simpira_test/bsp/install/lib/debug/\libmetal.a
LOAD C:/Users/shu/wsFreedomStudio/simpira_test/bsp/install/lib/debug/\libmetal-gloss.a
END GROUP
                0x0000000000000400                __stack_size = DEFINED (__stack_size)?__stack_size:0x400
                [!provide]                        PROVIDE (__stack_size = __stack_size)
                0x0000000000000800                __heap_size = DEFINED (__heap_size)?__heap_size:0x800
                0x0000000000000000                PROVIDE (__metal_boot_hart = 0x0)
                0x0000000000000001                PROVIDE (__metal_chicken_bit = 0x1)
                0x0000000000000000                PROVIDE (__metal_eccscrub_bit = 0x0)
                [!provide]                        PROVIDE (metal_dtim_0_memory_start = 0x80000000)
                [!provide]                        PROVIDE (metal_dtim_0_memory_end = 0x80004000)
                [!provide]                        PROVIDE (metal_itim_0_memory_start = 0x8000000)
                [!provide]                        PROVIDE (metal_itim_0_memory_end = 0x8002000)

.init           0x0000000020010000      0x2dc
 *(.text.metal.init.enter)
 .text.metal.init.enter
                0x0000000020010000       0x88 C:/Users/shu/wsFreedomStudio/simpira_test/bsp/install/lib/debug/\libmetal.a(entry.o)
                0x0000000020010000                _enter
 *(.text.metal.init.*)
 .text.metal.init.__register_frame_info
                0x0000000020010088        0x2 C:/Users/shu/wsFreedomStudio/simpira_test/bsp/install/lib/debug/\libmetal.a(entry.o)
                0x0000000020010088                __register_frame_info
 .text.metal.init.scrub
                0x000000002001008a       0xa8 C:/Users/shu/wsFreedomStudio/simpira_test/bsp/install/lib/debug/\libmetal.a(scrub.o)
                0x000000002001008a                metal_mem_scrub
                0x00000000200100cc                __metal_before_start
 *fill*         0x0000000020010132        0x2 
 .text.metal.init.trapvec
                0x0000000020010134        0xe C:/Users/shu/wsFreedomStudio/simpira_test/bsp/install/lib/debug/\libmetal.a(trap.o)
                0x0000000020010134                early_trap_vector
 *(SORT_NONE(.init))
 .init          0x0000000020010142        0xe C:/Users/shu/wsFreedomStudio/simpira_test/bsp/install/lib/debug/\libmetal.a(synchronize_harts.o)
                0x0000000020010142                __metal_synchronize_harts
 *(.text.libgloss.start)
 .text.libgloss.start
                0x0000000020010150      0x18c C:/Users/shu/wsFreedomStudio/simpira_test/bsp/install/lib/debug/\libmetal-gloss.a(crt0.o)
                0x0000000020010150                _start
                0x00000000200102ba                _fini
                0x00000000200102ba                _init
                0x00000000200102bc                secondary_main

.fini
 *(SORT_NONE(.fini))

.preinit_array  0x00000000200102e0        0x0
                0x00000000200102e0                PROVIDE (__preinit_array_start = .)
 *(.preinit_array)
                0x00000000200102e0                PROVIDE (__preinit_array_end = .)

.init_array     0x00000000200102e0        0xc
                0x00000000200102e0                PROVIDE (__init_array_start = .)
 *(SORT_BY_INIT_PRIORITY(.init_array.*) SORT_BY_INIT_PRIORITY(.ctors.*))
 *(.init_array EXCLUDE_FILE(*crtend?.o *crtend.o *crtbegin?.o *crtbegin.o) .ctors)
                0x00000000200102e0                PROVIDE (__init_array_end = .)
                0x00000000200102e0                PROVIDE (metal_constructors_start = .)
 *(SORT_BY_INIT_PRIORITY(.metal.init_array.*))
 .metal.init_array.5000
                0x00000000200102e0        0x4 C:/Users/shu/wsFreedomStudio/simpira_test/bsp/install/lib/debug/\libmetal.a(tty.o)
                0x00000000200102e0                _metal_tty_init_ptr
 .metal.init_array.5000
                0x00000000200102e4        0x8 C:/Users/shu/wsFreedomStudio/simpira_test/bsp/install/lib/debug/\libmetal.a(sifive_fe310-g000_pll.o)
                0x00000000200102e4                _metal_sifive_fe310_g000_pll_init_ptr
                0x00000000200102e8                _use_hfxosc_ptr
 *(.metal.init_array)
                0x00000000200102ec                PROVIDE (metal_constructors_end = .)

.fini_array     0x00000000200102f0        0x0
                0x00000000200102f0                PROVIDE (__fini_array_start = .)
 *(SORT_BY_INIT_PRIORITY(.fini_array.*) SORT_BY_INIT_PRIORITY(.dtors.*))
 *(.fini_array EXCLUDE_FILE(*crtend?.o *crtend.o *crtbegin?.o *crtbegin.o) .dtors)
                0x00000000200102f0                PROVIDE (__fini_array_end = .)
                0x00000000200102f0                PROVIDE (metal_destructors_start = .)
 *(SORT_BY_INIT_PRIORITY(.metal.fini_array.*))
 *(.metal.fini_array)
                0x00000000200102f0                PROVIDE (metal_destructors_end = .)

.ctors          0x00000000200102ec       0x7a
 *crtbegin.o(.ctors)
 *crtbegin?.o(.ctors)
 *(EXCLUDE_FILE(*crtend?.o *crtend.o) .ctors)
 *(SORT_BY_NAME(.ctors.*))
 *(.ctors)
 *(.metal.ctors .metal.ctors.*)
 .metal.ctors   0x00000000200102ec       0x24 C:/Users/shu/wsFreedomStudio/simpira_test/bsp/install/lib/debug/\libmetal.a(tty.o)
                0x00000000200102ec                metal_tty_init
 .metal.ctors   0x0000000020010310       0x56 C:/Users/shu/wsFreedomStudio/simpira_test/bsp/install/lib/debug/\libmetal.a(sifive_fe310-g000_pll.o)
                0x0000000020010310                metal_sifive_fe310_g000_pll_init
                0x000000002001033c                use_hfxosc

.dtors
 *crtbegin.o(.dtors)
 *crtbegin?.o(.dtors)
 *(EXCLUDE_FILE(*crtend?.o *crtend.o) .dtors)
 *(SORT_BY_NAME(.dtors.*))
 *(.dtors)
 *(.metal.dtors .metal.dtors.*)

.rodata         0x0000000020010368      0xcd4
 *(.rdata)
 *(.rodata .rodata.*)
 .rodata        0x0000000020010368       0x6c C:\Users\shu\AppData\Local\Temp\ccarwHry.o
 .rodata.__sf_fake_stderr
                0x00000000200103d4       0x20 c:/users/shu/desktop/freedomstudio-4.18.0.2021-04-1-x86_64-w64-mingw32/sifive/riscv64-unknown-elf-toolchain-10.2.0-2020.12.8/bin/../lib/gcc/riscv64-unknown-elf/10.2.0/../../../../riscv64-unknown-elf/lib/rv32imac/ilp32\libc_nano.a(lib_a-findfp.o)
                0x00000000200103d4                __sf_fake_stderr
 .rodata.__sf_fake_stdin
                0x00000000200103f4       0x20 c:/users/shu/desktop/freedomstudio-4.18.0.2021-04-1-x86_64-w64-mingw32/sifive/riscv64-unknown-elf-toolchain-10.2.0-2020.12.8/bin/../lib/gcc/riscv64-unknown-elf/10.2.0/../../../../riscv64-unknown-elf/lib/rv32imac/ilp32\libc_nano.a(lib_a-findfp.o)
                0x00000000200103f4                __sf_fake_stdin
 .rodata.__sf_fake_stdout
                0x0000000020010414       0x20 c:/users/shu/desktop/freedomstudio-4.18.0.2021-04-1-x86_64-w64-mingw32/sifive/riscv64-unknown-elf-toolchain-10.2.0-2020.12.8/bin/../lib/gcc/riscv64-unknown-elf/10.2.0/../../../../riscv64-unknown-elf/lib/rv32imac/ilp32\libc_nano.a(lib_a-findfp.o)
                0x0000000020010414                __sf_fake_stdout
 .rodata._vfprintf_r.str1.4
                0x0000000020010434       0x13 c:/users/shu/desktop/freedomstudio-4.18.0.2021-04-1-x86_64-w64-mingw32/sifive/riscv64-unknown-elf-toolchain-10.2.0-2020.12.8/bin/../lib/gcc/riscv64-unknown-elf/10.2.0/../../../../riscv64-unknown-elf/lib/rv32imac/ilp32\libc_nano.a(lib_a-nano-vfprintf.o)
 *fill*         0x0000000020010447        0x1 
 .rodata._printf_i.str1.4
                0x0000000020010448       0x25 c:/users/shu/desktop/freedomstudio-4.18.0.2021-04-1-x86_64-w64-mingw32/sifive/riscv64-unknown-elf-toolchain-10.2.0-2020.12.8/bin/../lib/gcc/riscv64-unknown-elf/10.2.0/../../../../riscv64-unknown-elf/lib/rv32imac/ilp32\libc_nano.a(lib_a-nano-vfprintf_i.o)
 *fill*         0x000000002001046d        0x3 
 .rodata._printf_i
                0x0000000020010470       0x58 c:/users/shu/desktop/freedomstudio-4.18.0.2021-04-1-x86_64-w64-mingw32/sifive/riscv64-unknown-elf-toolchain-10.2.0-2020.12.8/bin/../lib/gcc/riscv64-unknown-elf/10.2.0/../../../../riscv64-unknown-elf/lib/rv32imac/ilp32\libc_nano.a(lib_a-nano-vfprintf_i.o)
 .rodata.libgloss.start
                0x00000000200104c8       0x11 C:/Users/shu/wsFreedomStudio/simpira_test/bsp/install/lib/debug/\libmetal-gloss.a(crt0.o)
 *fill*         0x00000000200104d9        0x3 
 .rodata.__metal_driver_vtable_riscv_clint0
                0x00000000200104dc       0x64 C:/Users/shu/wsFreedomStudio/simpira_test/bsp/install/lib/debug/\libmetal.a(riscv_clint0.o)
                0x00000000200104dc                __metal_driver_vtable_riscv_clint0
 .rodata.__metal_local_interrupt_enable
                0x0000000020010540       0x80 C:/Users/shu/wsFreedomStudio/simpira_test/bsp/install/lib/debug/\libmetal.a(riscv_cpu.o)
 .rodata.__metal_driver_vtable_riscv_cpu_intc
                0x00000000200105c0       0x64 C:/Users/shu/wsFreedomStudio/simpira_test/bsp/install/lib/debug/\libmetal.a(riscv_cpu.o)
                0x00000000200105c0                __metal_driver_vtable_riscv_cpu_intc
 .rodata.__metal_driver_vtable_cpu
                0x0000000020010624       0x44 C:/Users/shu/wsFreedomStudio/simpira_test/bsp/install/lib/debug/\libmetal.a(riscv_cpu.o)
                0x0000000020010624                __metal_driver_vtable_cpu
 .rodata.__metal_driver_vtable_riscv_plic0
                0x0000000020010668       0x64 C:/Users/shu/wsFreedomStudio/simpira_test/bsp/install/lib/debug/\libmetal.a(riscv_plic0.o)
                0x0000000020010668                __metal_driver_vtable_riscv_plic0
 .rodata.pll_configs
                0x00000000200106cc      0x880 C:/Users/shu/wsFreedomStudio/simpira_test/bsp/install/lib/debug/\libmetal.a(sifive_fe310-g000_pll.o)
 .rodata.__metal_driver_vtable_sifive_fe310_g000_pll
                0x0000000020010f4c        0xc C:/Users/shu/wsFreedomStudio/simpira_test/bsp/install/lib/debug/\libmetal.a(sifive_fe310-g000_pll.o)
                0x0000000020010f4c                __metal_driver_vtable_sifive_fe310_g000_pll
 .rodata.__metal_driver_sifive_gpio0_config_int
                0x0000000020010f58       0x20 C:/Users/shu/wsFreedomStudio/simpira_test/bsp/install/lib/debug/\libmetal.a(sifive_gpio0.o)
 .rodata.__metal_driver_sifive_gpio0_clear_int
                0x0000000020010f78       0x20 C:/Users/shu/wsFreedomStudio/simpira_test/bsp/install/lib/debug/\libmetal.a(sifive_gpio0.o)
 .rodata.__metal_driver_vtable_sifive_gpio0
                0x0000000020010f98       0x3c C:/Users/shu/wsFreedomStudio/simpira_test/bsp/install/lib/debug/\libmetal.a(sifive_gpio0.o)
                0x0000000020010f98                __metal_driver_vtable_sifive_gpio0
 .rodata.__metal_driver_vtable_sifive_uart0
                0x0000000020010fd4       0x40 C:/Users/shu/wsFreedomStudio/simpira_test/bsp/install/lib/debug/\libmetal.a(sifive_uart0.o)
                0x0000000020010fd4                __metal_driver_vtable_sifive_uart0
 *(.gnu.linkonce.r.*)
                0x0000000020011018                . = ALIGN (0x8)
 *fill*         0x0000000020011014        0x4 
 *(.srodata.cst16)
 *(.srodata.cst8)
 *(.srodata.cst4)
 *(.srodata.cst2)
 *(.srodata .srodata.*)
 .srodata._global_impure_ptr
                0x0000000020011018        0x4 c:/users/shu/desktop/freedomstudio-4.18.0.2021-04-1-x86_64-w64-mingw32/sifive/riscv64-unknown-elf-toolchain-10.2.0-2020.12.8/bin/../lib/gcc/riscv64-unknown-elf/10.2.0/../../../../riscv64-unknown-elf/lib/rv32imac/ilp32\libc_nano.a(lib_a-impure.o)
                0x0000000020011018                _global_impure_ptr
 .srodata.__metal_driver_vtable_sifive_fe310_g000_hfrosc
                0x000000002001101c        0x8 C:/Users/shu/wsFreedomStudio/simpira_test/bsp/install/lib/debug/\libmetal.a(sifive_fe310-g000_hfrosc.o)
                0x000000002001101c                __metal_driver_vtable_sifive_fe310_g000_hfrosc
 .srodata.__metal_driver_vtable_sifive_fe310_g000_hfxosc
                0x0000000020011024        0x8 C:/Users/shu/wsFreedomStudio/simpira_test/bsp/install/lib/debug/\libmetal.a(sifive_fe310-g000_hfxosc.o)
                0x0000000020011024                __metal_driver_vtable_sifive_fe310_g000_hfxosc
 .srodata.__metal_driver_vtable_sifive_fe310_g000_prci
                0x000000002001102c        0x8 C:/Users/shu/wsFreedomStudio/simpira_test/bsp/install/lib/debug/\libmetal.a(sifive_fe310-g000_prci.o)
                0x000000002001102c                __metal_driver_vtable_sifive_fe310_g000_prci
 .srodata.__metal_driver_vtable_fixed_clock
                0x0000000020011034        0x8 C:/Users/shu/wsFreedomStudio/simpira_test/bsp/install/lib/debug/\libmetal.a(fixed-clock.o)
                0x0000000020011034                __metal_driver_vtable_fixed_clock

.itim           0x0000000008000000        0x0 load address 0x0000000020011040
 *(.itim .itim.*)
                0x0000000020011040                PROVIDE (metal_segment_itim_source_start = LOADADDR (.itim))
                0x0000000008000000                PROVIDE (metal_segment_itim_target_start = ADDR (.itim))
                0x0000000008000000                PROVIDE (metal_segment_itim_target_end = (ADDR (.itim) + SIZEOF (.itim)))

.lim            0x0000000080000000        0x0 load address 0x0000000020011040
 *(.lim .lim.*)
                0x0000000020011040                PROVIDE (metal_segment_lim_source_start = LOADADDR (.lim))
                0x0000000080000000                PROVIDE (metal_segment_lim_target_start = ADDR (.lim))
                0x0000000080000000                PROVIDE (metal_segment_lim_target_end = (ADDR (.lim) + SIZEOF (.lim)))

.text           0x0000000020011080     0x6ec4
 *(.text.unlikely .text.unlikely.*)
 *(.text.startup .text.startup.*)
 *(.text .text.*)
 .text.main     0x0000000020011080       0xe8 C:\Users\shu\AppData\Local\Temp\ccarwHry.o
                0x0000000020011080                main
 .text          0x0000000020011168       0x12 C:\Users\shu\AppData\Local\Temp\cc3rw0Hm.o
                0x0000000020011168                getcycles
 *fill*         0x000000002001117a        0x6 
 .text          0x0000000020011180      0xe40 C:\Users\shu\AppData\Local\Temp\ccYTnK9c.o
                0x0000000020011180                AES_128_keyschedule
                0x0000000020011218                AES_128_encrypt
 .text          0x0000000020011fc0       0xa8 c:/users/shu/desktop/freedomstudio-4.18.0.2021-04-1-x86_64-w64-mingw32/sifive/riscv64-unknown-elf-toolchain-10.2.0-2020.12.8/bin/../lib/gcc/riscv64-unknown-elf/10.2.0/../../../../riscv64-unknown-elf/lib/rv32imac/ilp32\libc_nano.a(lib_a-memset.o)
                0x0000000020011fc0                memset
 .text.printf   0x0000000020012068       0x3c c:/users/shu/desktop/freedomstudio-4.18.0.2021-04-1-x86_64-w64-mingw32/sifive/riscv64-unknown-elf-toolchain-10.2.0-2020.12.8/bin/../lib/gcc/riscv64-unknown-elf/10.2.0/../../../../riscv64-unknown-elf/lib/rv32imac/ilp32\libc_nano.a(lib_a-printf.o)
                0x0000000020012068                iprintf
                0x0000000020012068                printf
 .text.std      0x00000000200120a4       0x68 c:/users/shu/desktop/freedomstudio-4.18.0.2021-04-1-x86_64-w64-mingw32/sifive/riscv64-unknown-elf-toolchain-10.2.0-2020.12.8/bin/../lib/gcc/riscv64-unknown-elf/10.2.0/../../../../riscv64-unknown-elf/lib/rv32imac/ilp32\libc_nano.a(lib_a-findfp.o)
 .text._cleanup_r
                0x000000002001210c        0xa c:/users/shu/desktop/freedomstudio-4.18.0.2021-04-1-x86_64-w64-mingw32/sifive/riscv64-unknown-elf-toolchain-10.2.0-2020.12.8/bin/../lib/gcc/riscv64-unknown-elf/10.2.0/../../../../riscv64-unknown-elf/lib/rv32imac/ilp32\libc_nano.a(lib_a-findfp.o)
                0x000000002001210c                _cleanup_r
 .text.__sfmoreglue
                0x0000000020012116       0x44 c:/users/shu/desktop/freedomstudio-4.18.0.2021-04-1-x86_64-w64-mingw32/sifive/riscv64-unknown-elf-toolchain-10.2.0-2020.12.8/bin/../lib/gcc/riscv64-unknown-elf/10.2.0/../../../../riscv64-unknown-elf/lib/rv32imac/ilp32\libc_nano.a(lib_a-findfp.o)
                0x0000000020012116                __sfmoreglue
 .text.__sinit  0x000000002001215a       0x6a c:/users/shu/desktop/freedomstudio-4.18.0.2021-04-1-x86_64-w64-mingw32/sifive/riscv64-unknown-elf-toolchain-10.2.0-2020.12.8/bin/../lib/gcc/riscv64-unknown-elf/10.2.0/../../../../riscv64-unknown-elf/lib/rv32imac/ilp32\libc_nano.a(lib_a-findfp.o)
                0x000000002001215a                __sinit
 .text.__sfp    0x00000000200121c4       0x9c c:/users/shu/desktop/freedomstudio-4.18.0.2021-04-1-x86_64-w64-mingw32/sifive/riscv64-unknown-elf-toolchain-10.2.0-2020.12.8/bin/../lib/gcc/riscv64-unknown-elf/10.2.0/../../../../riscv64-unknown-elf/lib/rv32imac/ilp32\libc_nano.a(lib_a-findfp.o)
                0x00000000200121c4                __sfp
 .text._fwalk_reent
                0x0000000020012260       0x6a c:/users/shu/desktop/freedomstudio-4.18.0.2021-04-1-x86_64-w64-mingw32/sifive/riscv64-unknown-elf-toolchain-10.2.0-2020.12.8/bin/../lib/gcc/riscv64-unknown-elf/10.2.0/../../../../riscv64-unknown-elf/lib/rv32imac/ilp32\libc_nano.a(lib_a-fwalk.o)
                0x0000000020012260                _fwalk_reent
 .text._malloc_r
                0x00000000200122ca       0xde c:/users/shu/desktop/freedomstudio-4.18.0.2021-04-1-x86_64-w64-mingw32/sifive/riscv64-unknown-elf-toolchain-10.2.0-2020.12.8/bin/../lib/gcc/riscv64-unknown-elf/10.2.0/../../../../riscv64-unknown-elf/lib/rv32imac/ilp32\libc_nano.a(lib_a-nano-mallocr.o)
                0x00000000200122ca                _malloc_r
 .text.__sfputc_r
                0x00000000200123a8       0x28 c:/users/shu/desktop/freedomstudio-4.18.0.2021-04-1-x86_64-w64-mingw32/sifive/riscv64-unknown-elf-toolchain-10.2.0-2020.12.8/bin/../lib/gcc/riscv64-unknown-elf/10.2.0/../../../../riscv64-unknown-elf/lib/rv32imac/ilp32\libc_nano.a(lib_a-nano-vfprintf.o)
 .text.__sfputs_r
                0x00000000200123d0       0x42 c:/users/shu/desktop/freedomstudio-4.18.0.2021-04-1-x86_64-w64-mingw32/sifive/riscv64-unknown-elf-toolchain-10.2.0-2020.12.8/bin/../lib/gcc/riscv64-unknown-elf/10.2.0/../../../../riscv64-unknown-elf/lib/rv32imac/ilp32\libc_nano.a(lib_a-nano-vfprintf.o)
                0x00000000200123d0                __sfputs_r
 .text._vfprintf_r
                0x0000000020012412      0x296 c:/users/shu/desktop/freedomstudio-4.18.0.2021-04-1-x86_64-w64-mingw32/sifive/riscv64-unknown-elf-toolchain-10.2.0-2020.12.8/bin/../lib/gcc/riscv64-unknown-elf/10.2.0/../../../../riscv64-unknown-elf/lib/rv32imac/ilp32\libc_nano.a(lib_a-nano-vfprintf.o)
                0x0000000020012412                _vfprintf_r
                0x0000000020012412                _vfiprintf_r
 .text._sbrk_r  0x00000000200126a8       0x30 c:/users/shu/desktop/freedomstudio-4.18.0.2021-04-1-x86_64-w64-mingw32/sifive/riscv64-unknown-elf-toolchain-10.2.0-2020.12.8/bin/../lib/gcc/riscv64-unknown-elf/10.2.0/../../../../riscv64-unknown-elf/lib/rv32imac/ilp32\libc_nano.a(lib_a-sbrkr.o)
                0x00000000200126a8                _sbrk_r
 .text.__sread  0x00000000200126d8       0x32 c:/users/shu/desktop/freedomstudio-4.18.0.2021-04-1-x86_64-w64-mingw32/sifive/riscv64-unknown-elf-toolchain-10.2.0-2020.12.8/bin/../lib/gcc/riscv64-unknown-elf/10.2.0/../../../../riscv64-unknown-elf/lib/rv32imac/ilp32\libc_nano.a(lib_a-stdio.o)
                0x00000000200126d8                __sread
 .text.__swrite
                0x000000002001270a       0x4e c:/users/shu/desktop/freedomstudio-4.18.0.2021-04-1-x86_64-w64-mingw32/sifive/riscv64-unknown-elf-toolchain-10.2.0-2020.12.8/bin/../lib/gcc/riscv64-unknown-elf/10.2.0/../../../../riscv64-unknown-elf/lib/rv32imac/ilp32\libc_nano.a(lib_a-stdio.o)
                0x000000002001270a                __swrite
 .text.__sseek  0x0000000020012758       0x36 c:/users/shu/desktop/freedomstudio-4.18.0.2021-04-1-x86_64-w64-mingw32/sifive/riscv64-unknown-elf-toolchain-10.2.0-2020.12.8/bin/../lib/gcc/riscv64-unknown-elf/10.2.0/../../../../riscv64-unknown-elf/lib/rv32imac/ilp32\libc_nano.a(lib_a-stdio.o)
                0x0000000020012758                __sseek
 .text.__sclose
                0x000000002001278e        0x6 c:/users/shu/desktop/freedomstudio-4.18.0.2021-04-1-x86_64-w64-mingw32/sifive/riscv64-unknown-elf-toolchain-10.2.0-2020.12.8/bin/../lib/gcc/riscv64-unknown-elf/10.2.0/../../../../riscv64-unknown-elf/lib/rv32imac/ilp32\libc_nano.a(lib_a-stdio.o)
                0x000000002001278e                __sclose
 .text.__swbuf_r
                0x0000000020012794       0xc0 c:/users/shu/desktop/freedomstudio-4.18.0.2021-04-1-x86_64-w64-mingw32/sifive/riscv64-unknown-elf-toolchain-10.2.0-2020.12.8/bin/../lib/gcc/riscv64-unknown-elf/10.2.0/../../../../riscv64-unknown-elf/lib/rv32imac/ilp32\libc_nano.a(lib_a-wbuf.o)
                0x0000000020012794                __swbuf_r
 .text._write_r
                0x0000000020012854       0x34 c:/users/shu/desktop/freedomstudio-4.18.0.2021-04-1-x86_64-w64-mingw32/sifive/riscv64-unknown-elf-toolchain-10.2.0-2020.12.8/bin/../lib/gcc/riscv64-unknown-elf/10.2.0/../../../../riscv64-unknown-elf/lib/rv32imac/ilp32\libc_nano.a(lib_a-writer.o)
                0x0000000020012854                _write_r
 .text.__swsetup_r
                0x0000000020012888      0x10c c:/users/shu/desktop/freedomstudio-4.18.0.2021-04-1-x86_64-w64-mingw32/sifive/riscv64-unknown-elf-toolchain-10.2.0-2020.12.8/bin/../lib/gcc/riscv64-unknown-elf/10.2.0/../../../../riscv64-unknown-elf/lib/rv32imac/ilp32\libc_nano.a(lib_a-wsetup.o)
                0x0000000020012888                __swsetup_r
 .text._close_r
                0x0000000020012994       0x30 c:/users/shu/desktop/freedomstudio-4.18.0.2021-04-1-x86_64-w64-mingw32/sifive/riscv64-unknown-elf-toolchain-10.2.0-2020.12.8/bin/../lib/gcc/riscv64-unknown-elf/10.2.0/../../../../riscv64-unknown-elf/lib/rv32imac/ilp32\libc_nano.a(lib_a-closer.o)
                0x0000000020012994                _close_r
 .text.__sflush_r
                0x00000000200129c4      0x146 c:/users/shu/desktop/freedomstudio-4.18.0.2021-04-1-x86_64-w64-mingw32/sifive/riscv64-unknown-elf-toolchain-10.2.0-2020.12.8/bin/../lib/gcc/riscv64-unknown-elf/10.2.0/../../../../riscv64-unknown-elf/lib/rv32imac/ilp32\libc_nano.a(lib_a-fflush.o)
                0x00000000200129c4                __sflush_r
 .text._fflush_r
                0x0000000020012b0a       0x66 c:/users/shu/desktop/freedomstudio-4.18.0.2021-04-1-x86_64-w64-mingw32/sifive/riscv64-unknown-elf-toolchain-10.2.0-2020.12.8/bin/../lib/gcc/riscv64-unknown-elf/10.2.0/../../../../riscv64-unknown-elf/lib/rv32imac/ilp32\libc_nano.a(lib_a-fflush.o)
                0x0000000020012b0a                _fflush_r
 .text._lseek_r
                0x0000000020012b70       0x32 c:/users/shu/desktop/freedomstudio-4.18.0.2021-04-1-x86_64-w64-mingw32/sifive/riscv64-unknown-elf-toolchain-10.2.0-2020.12.8/bin/../lib/gcc/riscv64-unknown-elf/10.2.0/../../../../riscv64-unknown-elf/lib/rv32imac/ilp32\libc_nano.a(lib_a-lseekr.o)
                0x0000000020012b70                _lseek_r
 .text.__swhatbuf_r
                0x0000000020012ba2       0x5a c:/users/shu/desktop/freedomstudio-4.18.0.2021-04-1-x86_64-w64-mingw32/sifive/riscv64-unknown-elf-toolchain-10.2.0-2020.12.8/bin/../lib/gcc/riscv64-unknown-elf/10.2.0/../../../../riscv64-unknown-elf/lib/rv32imac/ilp32\libc_nano.a(lib_a-makebuf.o)
                0x0000000020012ba2                __swhatbuf_r
 .text.__smakebuf_r
                0x0000000020012bfc       0x9e c:/users/shu/desktop/freedomstudio-4.18.0.2021-04-1-x86_64-w64-mingw32/sifive/riscv64-unknown-elf-toolchain-10.2.0-2020.12.8/bin/../lib/gcc/riscv64-unknown-elf/10.2.0/../../../../riscv64-unknown-elf/lib/rv32imac/ilp32\libc_nano.a(lib_a-makebuf.o)
                0x0000000020012bfc                __smakebuf_r
 .text.memchr   0x0000000020012c9a       0x1a c:/users/shu/desktop/freedomstudio-4.18.0.2021-04-1-x86_64-w64-mingw32/sifive/riscv64-unknown-elf-toolchain-10.2.0-2020.12.8/bin/../lib/gcc/riscv64-unknown-elf/10.2.0/../../../../riscv64-unknown-elf/lib/rv32imac/ilp32\libc_nano.a(lib_a-memchr.o)
                0x0000000020012c9a                memchr
 .text.__malloc_lock
                0x0000000020012cb4        0x2 c:/users/shu/desktop/freedomstudio-4.18.0.2021-04-1-x86_64-w64-mingw32/sifive/riscv64-unknown-elf-toolchain-10.2.0-2020.12.8/bin/../lib/gcc/riscv64-unknown-elf/10.2.0/../../../../riscv64-unknown-elf/lib/rv32imac/ilp32\libc_nano.a(lib_a-mlock.o)
                0x0000000020012cb4                __malloc_lock
 .text.__malloc_unlock
                0x0000000020012cb6        0x2 c:/users/shu/desktop/freedomstudio-4.18.0.2021-04-1-x86_64-w64-mingw32/sifive/riscv64-unknown-elf-toolchain-10.2.0-2020.12.8/bin/../lib/gcc/riscv64-unknown-elf/10.2.0/../../../../riscv64-unknown-elf/lib/rv32imac/ilp32\libc_nano.a(lib_a-mlock.o)
                0x0000000020012cb6                __malloc_unlock
 .text._free_r  0x0000000020012cb8       0xa2 c:/users/shu/desktop/freedomstudio-4.18.0.2021-04-1-x86_64-w64-mingw32/sifive/riscv64-unknown-elf-toolchain-10.2.0-2020.12.8/bin/../lib/gcc/riscv64-unknown-elf/10.2.0/../../../../riscv64-unknown-elf/lib/rv32imac/ilp32\libc_nano.a(lib_a-nano-freer.o)
                0x0000000020012cb8                _free_r
 .text._printf_common
                0x0000000020012d5a      0x10c c:/users/shu/desktop/freedomstudio-4.18.0.2021-04-1-x86_64-w64-mingw32/sifive/riscv64-unknown-elf-toolchain-10.2.0-2020.12.8/bin/../lib/gcc/riscv64-unknown-elf/10.2.0/../../../../riscv64-unknown-elf/lib/rv32imac/ilp32\libc_nano.a(lib_a-nano-vfprintf_i.o)
                0x0000000020012d5a                _printf_common
 .text._printf_i
                0x0000000020012e66      0x270 c:/users/shu/desktop/freedomstudio-4.18.0.2021-04-1-x86_64-w64-mingw32/sifive/riscv64-unknown-elf-toolchain-10.2.0-2020.12.8/bin/../lib/gcc/riscv64-unknown-elf/10.2.0/../../../../riscv64-unknown-elf/lib/rv32imac/ilp32\libc_nano.a(lib_a-nano-vfprintf_i.o)
                0x0000000020012e66                _printf_i
 .text._read_r  0x00000000200130d6       0x32 c:/users/shu/desktop/freedomstudio-4.18.0.2021-04-1-x86_64-w64-mingw32/sifive/riscv64-unknown-elf-toolchain-10.2.0-2020.12.8/bin/../lib/gcc/riscv64-unknown-elf/10.2.0/../../../../riscv64-unknown-elf/lib/rv32imac/ilp32\libc_nano.a(lib_a-readr.o)
                0x00000000200130d6                _read_r
 .text._fstat_r
                0x0000000020013108       0x30 c:/users/shu/desktop/freedomstudio-4.18.0.2021-04-1-x86_64-w64-mingw32/sifive/riscv64-unknown-elf-toolchain-10.2.0-2020.12.8/bin/../lib/gcc/riscv64-unknown-elf/10.2.0/../../../../riscv64-unknown-elf/lib/rv32imac/ilp32\libc_nano.a(lib_a-fstatr.o)
                0x0000000020013108                _fstat_r
 .text._isatty_r
                0x0000000020013138       0x2e c:/users/shu/desktop/freedomstudio-4.18.0.2021-04-1-x86_64-w64-mingw32/sifive/riscv64-unknown-elf-toolchain-10.2.0-2020.12.8/bin/../lib/gcc/riscv64-unknown-elf/10.2.0/../../../../riscv64-unknown-elf/lib/rv32imac/ilp32\libc_nano.a(lib_a-isattyr.o)
                0x0000000020013138                _isatty_r
 .text._close   0x0000000020013166       0x22 C:/Users/shu/wsFreedomStudio/simpira_test/bsp/install/lib/debug/\libmetal-gloss.a(sys_close.o)
                0x0000000020013166                _close
 .text._fstat   0x0000000020013188       0x26 C:/Users/shu/wsFreedomStudio/simpira_test/bsp/install/lib/debug/\libmetal-gloss.a(sys_fstat.o)
                0x0000000020013188                _fstat
 .text._isatty  0x00000000200131ae       0x20 C:/Users/shu/wsFreedomStudio/simpira_test/bsp/install/lib/debug/\libmetal-gloss.a(sys_isatty.o)
                0x00000000200131ae                _isatty
 .text._lseek   0x00000000200131ce       0x2a C:/Users/shu/wsFreedomStudio/simpira_test/bsp/install/lib/debug/\libmetal-gloss.a(sys_lseek.o)
                0x00000000200131ce                _lseek
 .text._read    0x00000000200131f8       0x2a C:/Users/shu/wsFreedomStudio/simpira_test/bsp/install/lib/debug/\libmetal-gloss.a(sys_read.o)
                0x00000000200131f8                _read
 .text._sbrk    0x0000000020013222       0x7e C:/Users/shu/wsFreedomStudio/simpira_test/bsp/install/lib/debug/\libmetal-gloss.a(sys_sbrk.o)
                0x0000000020013222                _sbrk
 .text._write   0x00000000200132a0       0x6e C:/Users/shu/wsFreedomStudio/simpira_test/bsp/install/lib/debug/\libmetal-gloss.a(sys_write.o)
                0x00000000200132a0                _write
                0x00000000200132a0                write
 .text.atexit   0x000000002001330e        0xa c:/users/shu/desktop/freedomstudio-4.18.0.2021-04-1-x86_64-w64-mingw32/sifive/riscv64-unknown-elf-toolchain-10.2.0-2020.12.8/bin/../lib/gcc/riscv64-unknown-elf/10.2.0/../../../../riscv64-unknown-elf/lib/rv32imac/ilp32\libc_nano.a(lib_a-atexit.o)
                0x000000002001330e                atexit
 .text.__errno  0x0000000020013318        0xa c:/users/shu/desktop/freedomstudio-4.18.0.2021-04-1-x86_64-w64-mingw32/sifive/riscv64-unknown-elf-toolchain-10.2.0-2020.12.8/bin/../lib/gcc/riscv64-unknown-elf/10.2.0/../../../../riscv64-unknown-elf/lib/rv32imac/ilp32\libc_nano.a(lib_a-errno.o)
                0x0000000020013318                __errno
 .text.exit     0x0000000020013322       0x2a c:/users/shu/desktop/freedomstudio-4.18.0.2021-04-1-x86_64-w64-mingw32/sifive/riscv64-unknown-elf-toolchain-10.2.0-2020.12.8/bin/../lib/gcc/riscv64-unknown-elf/10.2.0/../../../../riscv64-unknown-elf/lib/rv32imac/ilp32\libc_nano.a(lib_a-exit.o)
                0x0000000020013322                exit
 .text.__libc_fini_array
                0x000000002001334c       0x36 c:/users/shu/desktop/freedomstudio-4.18.0.2021-04-1-x86_64-w64-mingw32/sifive/riscv64-unknown-elf-toolchain-10.2.0-2020.12.8/bin/../lib/gcc/riscv64-unknown-elf/10.2.0/../../../../riscv64-unknown-elf/lib/rv32imac/ilp32\libc_nano.a(lib_a-fini.o)
                0x000000002001334c                __libc_fini_array
 .text.__libc_init_array
                0x0000000020013382       0x5e c:/users/shu/desktop/freedomstudio-4.18.0.2021-04-1-x86_64-w64-mingw32/sifive/riscv64-unknown-elf-toolchain-10.2.0-2020.12.8/bin/../lib/gcc/riscv64-unknown-elf/10.2.0/../../../../riscv64-unknown-elf/lib/rv32imac/ilp32\libc_nano.a(lib_a-init.o)
                0x0000000020013382                __libc_init_array
 .text.__register_exitproc
                0x00000000200133e0       0x7c c:/users/shu/desktop/freedomstudio-4.18.0.2021-04-1-x86_64-w64-mingw32/sifive/riscv64-unknown-elf-toolchain-10.2.0-2020.12.8/bin/../lib/gcc/riscv64-unknown-elf/10.2.0/../../../../riscv64-unknown-elf/lib/rv32imac/ilp32\libc_nano.a(lib_a-__atexit.o)
                0x00000000200133e0                __register_exitproc
 .text.__call_exitprocs
                0x000000002001345c       0xc8 c:/users/shu/desktop/freedomstudio-4.18.0.2021-04-1-x86_64-w64-mingw32/sifive/riscv64-unknown-elf-toolchain-10.2.0-2020.12.8/bin/../lib/gcc/riscv64-unknown-elf/10.2.0/../../../../riscv64-unknown-elf/lib/rv32imac/ilp32\libc_nano.a(lib_a-__call_atexit.o)
                0x000000002001345c                __call_exitprocs
 .text.metal_init
                0x0000000020013524       0x78 C:/Users/shu/wsFreedomStudio/simpira_test/bsp/install/lib/debug/\libmetal.a(init.o)
                0x0000000020013524                metal_init
 .text.metal_fini
                0x000000002001359c       0x78 C:/Users/shu/wsFreedomStudio/simpira_test/bsp/install/lib/debug/\libmetal.a(init.o)
                0x000000002001359c                metal_fini
 .text.metal_init_run
                0x0000000020013614       0x14 C:/Users/shu/wsFreedomStudio/simpira_test/bsp/install/lib/debug/\libmetal.a(init.o)
                0x0000000020013614                metal_init_run
 .text.metal_fini_run
                0x0000000020013628       0x14 C:/Users/shu/wsFreedomStudio/simpira_test/bsp/install/lib/debug/\libmetal.a(init.o)
                0x0000000020013628                metal_fini_run
 .text.metal_tty_putc
                0x000000002001363c       0x26 C:/Users/shu/wsFreedomStudio/simpira_test/bsp/install/lib/debug/\libmetal.a(tty.o)
                0x000000002001363c                metal_tty_putc
 .text.metal_uart_init
                0x0000000020013662       0x2c C:/Users/shu/wsFreedomStudio/simpira_test/bsp/install/lib/debug/\libmetal.a(uart.o)
                0x0000000020013662                metal_uart_init
 .text.metal_uart_putc
                0x000000002001368e       0x2e C:/Users/shu/wsFreedomStudio/simpira_test/bsp/install/lib/debug/\libmetal.a(uart.o)
                0x000000002001368e                metal_uart_putc
 .text.metal_uart_set_baud_rate
                0x00000000200136bc       0x2e C:/Users/shu/wsFreedomStudio/simpira_test/bsp/install/lib/debug/\libmetal.a(uart.o)
                0x00000000200136bc                metal_uart_set_baud_rate
 .text.__metal_driver_sifive_clint0_control_base
                0x00000000200136ea       0x2a C:/Users/shu/wsFreedomStudio/simpira_test/bsp/install/lib/debug/\libmetal.a(riscv_clint0.o)
 .text.__metal_driver_sifive_clint0_num_interrupts
                0x0000000020013714       0x28 C:/Users/shu/wsFreedomStudio/simpira_test/bsp/install/lib/debug/\libmetal.a(riscv_clint0.o)
 .text.__metal_driver_sifive_clint0_interrupt_parents
                0x000000002001373c       0x3c C:/Users/shu/wsFreedomStudio/simpira_test/bsp/install/lib/debug/\libmetal.a(riscv_clint0.o)
 .text.__metal_driver_sifive_clint0_interrupt_lines
                0x0000000020013778       0x30 C:/Users/shu/wsFreedomStudio/simpira_test/bsp/install/lib/debug/\libmetal.a(riscv_clint0.o)
 .text.__metal_clint0_mtime_get
                0x00000000200137a8       0x9a C:/Users/shu/wsFreedomStudio/simpira_test/bsp/install/lib/debug/\libmetal.a(riscv_clint0.o)
                0x00000000200137a8                __metal_clint0_mtime_get
 .text.__metal_driver_riscv_clint0_mtimecmp_set
                0x0000000020013842       0x96 C:/Users/shu/wsFreedomStudio/simpira_test/bsp/install/lib/debug/\libmetal.a(riscv_clint0.o)
                0x0000000020013842                __metal_driver_riscv_clint0_mtimecmp_set
 .text._get_cpu_intc
                0x00000000200138d8       0x36 C:/Users/shu/wsFreedomStudio/simpira_test/bsp/install/lib/debug/\libmetal.a(riscv_clint0.o)
 .text.__metal_driver_riscv_clint0_init
                0x000000002001390e       0x88 C:/Users/shu/wsFreedomStudio/simpira_test/bsp/install/lib/debug/\libmetal.a(riscv_clint0.o)
                0x000000002001390e                __metal_driver_riscv_clint0_init
 .text.__metal_driver_riscv_clint0_register
                0x0000000020013996       0xda C:/Users/shu/wsFreedomStudio/simpira_test/bsp/install/lib/debug/\libmetal.a(riscv_clint0.o)
                0x0000000020013996                __metal_driver_riscv_clint0_register
 .text.__metal_driver_riscv_clint0_vector_register
                0x0000000020013a70       0x28 C:/Users/shu/wsFreedomStudio/simpira_test/bsp/install/lib/debug/\libmetal.a(riscv_clint0.o)
                0x0000000020013a70                __metal_driver_riscv_clint0_vector_register
 .text.__metal_driver_riscv_clint0_get_vector_mode
                0x0000000020013a98       0x1c C:/Users/shu/wsFreedomStudio/simpira_test/bsp/install/lib/debug/\libmetal.a(riscv_clint0.o)
                0x0000000020013a98                __metal_driver_riscv_clint0_get_vector_mode
 .text.__metal_driver_riscv_clint0_set_vector_mode
                0x0000000020013ab4       0x58 C:/Users/shu/wsFreedomStudio/simpira_test/bsp/install/lib/debug/\libmetal.a(riscv_clint0.o)
                0x0000000020013ab4                __metal_driver_riscv_clint0_set_vector_mode
 .text.__metal_driver_riscv_clint0_enable
                0x0000000020013b0c       0xb2 C:/Users/shu/wsFreedomStudio/simpira_test/bsp/install/lib/debug/\libmetal.a(riscv_clint0.o)
                0x0000000020013b0c                __metal_driver_riscv_clint0_enable
 .text.__metal_driver_riscv_clint0_disable
                0x0000000020013bbe       0xb2 C:/Users/shu/wsFreedomStudio/simpira_test/bsp/install/lib/debug/\libmetal.a(riscv_clint0.o)
                0x0000000020013bbe                __metal_driver_riscv_clint0_disable
 .text.__metal_driver_riscv_clint0_command_request
                0x0000000020013c70      0x140 C:/Users/shu/wsFreedomStudio/simpira_test/bsp/install/lib/debug/\libmetal.a(riscv_clint0.o)
                0x0000000020013c70                __metal_driver_riscv_clint0_command_request
 .text.__metal_driver_riscv_clint0_clear_interrupt
                0x0000000020013db0       0x34 C:/Users/shu/wsFreedomStudio/simpira_test/bsp/install/lib/debug/\libmetal.a(riscv_clint0.o)
                0x0000000020013db0                __metal_driver_riscv_clint0_clear_interrupt
 .text.__metal_driver_riscv_clint0_set_interrupt
                0x0000000020013de4       0x34 C:/Users/shu/wsFreedomStudio/simpira_test/bsp/install/lib/debug/\libmetal.a(riscv_clint0.o)
                0x0000000020013de4                __metal_driver_riscv_clint0_set_interrupt
 .text.__metal_driver_cpu_hartid
                0x0000000020013e18       0x24 C:/Users/shu/wsFreedomStudio/simpira_test/bsp/install/lib/debug/\libmetal.a(riscv_cpu.o)
 .text.__metal_driver_cpu_timebase
                0x0000000020013e3c       0x2a C:/Users/shu/wsFreedomStudio/simpira_test/bsp/install/lib/debug/\libmetal.a(riscv_cpu.o)
 .text.__metal_driver_cpu_interrupt_controller
                0x0000000020013e66       0x2a C:/Users/shu/wsFreedomStudio/simpira_test/bsp/install/lib/debug/\libmetal.a(riscv_cpu.o)
 .text.__metal_driver_cpu_buserror
                0x0000000020013e90       0x24 C:/Users/shu/wsFreedomStudio/simpira_test/bsp/install/lib/debug/\libmetal.a(riscv_cpu.o)
 .text.__metal_driver_cpu_get
                0x0000000020013eb4       0x30 C:/Users/shu/wsFreedomStudio/simpira_test/bsp/install/lib/debug/\libmetal.a(riscv_cpu.o)
                0x0000000020013eb4                __metal_driver_cpu_get
 .text.__metal_myhart_id
                0x0000000020013ee4       0x1a C:/Users/shu/wsFreedomStudio/simpira_test/bsp/install/lib/debug/\libmetal.a(riscv_cpu.o)
                0x0000000020013ee4                __metal_myhart_id
 .text.__metal_interrupt_global_enable
                0x0000000020013efe       0x18 C:/Users/shu/wsFreedomStudio/simpira_test/bsp/install/lib/debug/\libmetal.a(riscv_cpu.o)
                0x0000000020013efe                __metal_interrupt_global_enable
 .text.__metal_interrupt_global_disable
                0x0000000020013f16       0x18 C:/Users/shu/wsFreedomStudio/simpira_test/bsp/install/lib/debug/\libmetal.a(riscv_cpu.o)
                0x0000000020013f16                __metal_interrupt_global_disable
 .text.__metal_interrupt_software_enable
                0x0000000020013f2e       0x18 C:/Users/shu/wsFreedomStudio/simpira_test/bsp/install/lib/debug/\libmetal.a(riscv_cpu.o)
                0x0000000020013f2e                __metal_interrupt_software_enable
 .text.__metal_interrupt_software_disable
                0x0000000020013f46       0x18 C:/Users/shu/wsFreedomStudio/simpira_test/bsp/install/lib/debug/\libmetal.a(riscv_cpu.o)
                0x0000000020013f46                __metal_interrupt_software_disable
 .text.__metal_interrupt_timer_enable
                0x0000000020013f5e       0x1a C:/Users/shu/wsFreedomStudio/simpira_test/bsp/install/lib/debug/\libmetal.a(riscv_cpu.o)
                0x0000000020013f5e                __metal_interrupt_timer_enable
 .text.__metal_interrupt_timer_disable
                0x0000000020013f78       0x1a C:/Users/shu/wsFreedomStudio/simpira_test/bsp/install/lib/debug/\libmetal.a(riscv_cpu.o)
                0x0000000020013f78                __metal_interrupt_timer_disable
 .text.__metal_interrupt_external_enable
                0x0000000020013f92       0x1c C:/Users/shu/wsFreedomStudio/simpira_test/bsp/install/lib/debug/\libmetal.a(riscv_cpu.o)
                0x0000000020013f92                __metal_interrupt_external_enable
 .text.__metal_interrupt_external_disable
                0x0000000020013fae       0x1c C:/Users/shu/wsFreedomStudio/simpira_test/bsp/install/lib/debug/\libmetal.a(riscv_cpu.o)
                0x0000000020013fae                __metal_interrupt_external_disable
 .text.__metal_interrupt_local_enable
                0x0000000020013fca       0x2c C:/Users/shu/wsFreedomStudio/simpira_test/bsp/install/lib/debug/\libmetal.a(riscv_cpu.o)
                0x0000000020013fca                __metal_interrupt_local_enable
 .text.__metal_interrupt_local_disable
                0x0000000020013ff6       0x2c C:/Users/shu/wsFreedomStudio/simpira_test/bsp/install/lib/debug/\libmetal.a(riscv_cpu.o)
                0x0000000020013ff6                __metal_interrupt_local_disable
 .text.__metal_default_exception_handler
                0x0000000020014022       0x18 C:/Users/shu/wsFreedomStudio/simpira_test/bsp/install/lib/debug/\libmetal.a(riscv_cpu.o)
                0x0000000020014022                __metal_default_exception_handler
 .text.__metal_default_interrupt_handler
                0x000000002001403a       0x18 C:/Users/shu/wsFreedomStudio/simpira_test/bsp/install/lib/debug/\libmetal.a(riscv_cpu.o)
                0x000000002001403a                __metal_default_interrupt_handler
 .text.metal_interrupt_vector_handler
                0x0000000020014052       0x2e C:/Users/shu/wsFreedomStudio/simpira_test/bsp/install/lib/debug/\libmetal.a(riscv_cpu.o)
                0x0000000020014052                metal_interrupt_vector_handler
 .text.metal_software_interrupt_vector_handler
                0x0000000020014080       0x92 C:/Users/shu/wsFreedomStudio/simpira_test/bsp/install/lib/debug/\libmetal.a(riscv_cpu.o)
                0x0000000020014080                metal_software_interrupt_vector_handler
 .text.__metal_default_sw_handler
                0x0000000020014112       0x68 C:/Users/shu/wsFreedomStudio/simpira_test/bsp/install/lib/debug/\libmetal.a(riscv_cpu.o)
                0x0000000020014112                __metal_default_sw_handler
 .text.metal_timer_interrupt_vector_handler
                0x000000002001417a       0x92 C:/Users/shu/wsFreedomStudio/simpira_test/bsp/install/lib/debug/\libmetal.a(riscv_cpu.o)
                0x000000002001417a                metal_timer_interrupt_vector_handler
 .text.__metal_default_beu_handler
                0x000000002001420c       0x16 C:/Users/shu/wsFreedomStudio/simpira_test/bsp/install/lib/debug/\libmetal.a(riscv_cpu.o)
                0x000000002001420c                __metal_default_beu_handler
 .text.__metal_default_timer_handler
                0x0000000020014222       0x66 C:/Users/shu/wsFreedomStudio/simpira_test/bsp/install/lib/debug/\libmetal.a(riscv_cpu.o)
                0x0000000020014222                __metal_default_timer_handler
 *fill*         0x0000000020014288       0x78 
 .text.__metal_exception_handler
                0x0000000020014300      0x1f8 C:/Users/shu/wsFreedomStudio/simpira_test/bsp/install/lib/debug/\libmetal.a(riscv_cpu.o)
                0x0000000020014300                __metal_exception_handler
 .text.metal_lc0_interrupt_vector_handler
                0x00000000200144f8       0x96 C:/Users/shu/wsFreedomStudio/simpira_test/bsp/install/lib/debug/\libmetal.a(riscv_cpu.o)
                0x00000000200144f8                metal_lc0_interrupt_vector_handler
 .text.metal_lc1_interrupt_vector_handler
                0x000000002001458e       0x96 C:/Users/shu/wsFreedomStudio/simpira_test/bsp/install/lib/debug/\libmetal.a(riscv_cpu.o)
                0x000000002001458e                metal_lc1_interrupt_vector_handler
 .text.metal_lc2_interrupt_vector_handler
                0x0000000020014624       0x96 C:/Users/shu/wsFreedomStudio/simpira_test/bsp/install/lib/debug/\libmetal.a(riscv_cpu.o)
                0x0000000020014624                metal_lc2_interrupt_vector_handler
 .text.metal_lc3_interrupt_vector_handler
                0x00000000200146ba       0x96 C:/Users/shu/wsFreedomStudio/simpira_test/bsp/install/lib/debug/\libmetal.a(riscv_cpu.o)
                0x00000000200146ba                metal_lc3_interrupt_vector_handler
 .text.metal_lc4_interrupt_vector_handler
                0x0000000020014750       0x96 C:/Users/shu/wsFreedomStudio/simpira_test/bsp/install/lib/debug/\libmetal.a(riscv_cpu.o)
                0x0000000020014750                metal_lc4_interrupt_vector_handler
 .text.metal_lc5_interrupt_vector_handler
                0x00000000200147e6       0x96 C:/Users/shu/wsFreedomStudio/simpira_test/bsp/install/lib/debug/\libmetal.a(riscv_cpu.o)
                0x00000000200147e6                metal_lc5_interrupt_vector_handler
 .text.metal_lc6_interrupt_vector_handler
                0x000000002001487c       0x96 C:/Users/shu/wsFreedomStudio/simpira_test/bsp/install/lib/debug/\libmetal.a(riscv_cpu.o)
                0x000000002001487c                metal_lc6_interrupt_vector_handler
 .text.metal_lc7_interrupt_vector_handler
                0x0000000020014912       0x96 C:/Users/shu/wsFreedomStudio/simpira_test/bsp/install/lib/debug/\libmetal.a(riscv_cpu.o)
                0x0000000020014912                metal_lc7_interrupt_vector_handler
 .text.metal_lc8_interrupt_vector_handler
                0x00000000200149a8       0x96 C:/Users/shu/wsFreedomStudio/simpira_test/bsp/install/lib/debug/\libmetal.a(riscv_cpu.o)
                0x00000000200149a8                metal_lc8_interrupt_vector_handler
 .text.metal_lc9_interrupt_vector_handler
                0x0000000020014a3e       0x96 C:/Users/shu/wsFreedomStudio/simpira_test/bsp/install/lib/debug/\libmetal.a(riscv_cpu.o)
                0x0000000020014a3e                metal_lc9_interrupt_vector_handler
 .text.metal_lc10_interrupt_vector_handler
                0x0000000020014ad4       0x96 C:/Users/shu/wsFreedomStudio/simpira_test/bsp/install/lib/debug/\libmetal.a(riscv_cpu.o)
                0x0000000020014ad4                metal_lc10_interrupt_vector_handler
 .text.metal_lc11_interrupt_vector_handler
                0x0000000020014b6a       0x96 C:/Users/shu/wsFreedomStudio/simpira_test/bsp/install/lib/debug/\libmetal.a(riscv_cpu.o)
                0x0000000020014b6a                metal_lc11_interrupt_vector_handler
 .text.metal_lc12_interrupt_vector_handler
                0x0000000020014c00       0x96 C:/Users/shu/wsFreedomStudio/simpira_test/bsp/install/lib/debug/\libmetal.a(riscv_cpu.o)
                0x0000000020014c00                metal_lc12_interrupt_vector_handler
 .text.metal_lc13_interrupt_vector_handler
                0x0000000020014c96       0x96 C:/Users/shu/wsFreedomStudio/simpira_test/bsp/install/lib/debug/\libmetal.a(riscv_cpu.o)
                0x0000000020014c96                metal_lc13_interrupt_vector_handler
 .text.metal_lc14_interrupt_vector_handler
                0x0000000020014d2c       0x96 C:/Users/shu/wsFreedomStudio/simpira_test/bsp/install/lib/debug/\libmetal.a(riscv_cpu.o)
                0x0000000020014d2c                metal_lc14_interrupt_vector_handler
 .text.metal_lc15_interrupt_vector_handler
                0x0000000020014dc2       0x96 C:/Users/shu/wsFreedomStudio/simpira_test/bsp/install/lib/debug/\libmetal.a(riscv_cpu.o)
                0x0000000020014dc2                metal_lc15_interrupt_vector_handler
 .text.__metal_controller_interrupt_vector_mode
                0x0000000020014e58       0x58 C:/Users/shu/wsFreedomStudio/simpira_test/bsp/install/lib/debug/\libmetal.a(riscv_cpu.o)
                0x0000000020014e58                __metal_controller_interrupt_vector_mode
 .text.__metal_controller_interrupt_vector
                0x0000000020014eb0       0xb2 C:/Users/shu/wsFreedomStudio/simpira_test/bsp/install/lib/debug/\libmetal.a(riscv_cpu.o)
                0x0000000020014eb0                __metal_controller_interrupt_vector
 .text.__metal_valid_interrupt_id
                0x0000000020014f62       0x58 C:/Users/shu/wsFreedomStudio/simpira_test/bsp/install/lib/debug/\libmetal.a(riscv_cpu.o)
                0x0000000020014f62                __metal_valid_interrupt_id
 .text.__metal_local_interrupt_enable
                0x0000000020014fba       0xbc C:/Users/shu/wsFreedomStudio/simpira_test/bsp/install/lib/debug/\libmetal.a(riscv_cpu.o)
                0x0000000020014fba                __metal_local_interrupt_enable
 .text.__metal_exception_register
                0x0000000020015076       0x4e C:/Users/shu/wsFreedomStudio/simpira_test/bsp/install/lib/debug/\libmetal.a(riscv_cpu.o)
                0x0000000020015076                __metal_exception_register
 .text.__metal_driver_riscv_cpu_controller_interrupt_init
                0x00000000200150c4       0xe2 C:/Users/shu/wsFreedomStudio/simpira_test/bsp/install/lib/debug/\libmetal.a(riscv_cpu.o)
                0x00000000200150c4                __metal_driver_riscv_cpu_controller_interrupt_init
 .text.__metal_driver_riscv_cpu_controller_interrupt_register
                0x00000000200151a6      0x1e0 C:/Users/shu/wsFreedomStudio/simpira_test/bsp/install/lib/debug/\libmetal.a(riscv_cpu.o)
                0x00000000200151a6                __metal_driver_riscv_cpu_controller_interrupt_register
 .text.__metal_driver_riscv_cpu_controller_interrupt_enable
                0x0000000020015386       0x2a C:/Users/shu/wsFreedomStudio/simpira_test/bsp/install/lib/debug/\libmetal.a(riscv_cpu.o)
                0x0000000020015386                __metal_driver_riscv_cpu_controller_interrupt_enable
 .text.__metal_driver_riscv_cpu_controller_interrupt_disable
                0x00000000200153b0       0x2a C:/Users/shu/wsFreedomStudio/simpira_test/bsp/install/lib/debug/\libmetal.a(riscv_cpu.o)
                0x00000000200153b0                __metal_driver_riscv_cpu_controller_interrupt_disable
 .text.__metal_driver_riscv_cpu_controller_get_vector_mode
                0x00000000200153da       0x1c C:/Users/shu/wsFreedomStudio/simpira_test/bsp/install/lib/debug/\libmetal.a(riscv_cpu.o)
                0x00000000200153da                __metal_driver_riscv_cpu_controller_get_vector_mode
 .text.__metal_driver_riscv_cpu_controller_set_vector_mode
                0x00000000200153f6       0x54 C:/Users/shu/wsFreedomStudio/simpira_test/bsp/install/lib/debug/\libmetal.a(riscv_cpu.o)
                0x00000000200153f6                __metal_driver_riscv_cpu_controller_set_vector_mode
 .text.__metal_driver_riscv_cpu_controller_command_request
                0x000000002001544a       0x1c C:/Users/shu/wsFreedomStudio/simpira_test/bsp/install/lib/debug/\libmetal.a(riscv_cpu.o)
                0x000000002001544a                __metal_driver_riscv_cpu_controller_command_request
 .text.__metal_driver_cpu_mcycle_get
                0x0000000020015466       0x70 C:/Users/shu/wsFreedomStudio/simpira_test/bsp/install/lib/debug/\libmetal.a(riscv_cpu.o)
                0x0000000020015466                __metal_driver_cpu_mcycle_get
 .text.__metal_driver_cpu_timebase_get
                0x00000000200154d6       0x46 C:/Users/shu/wsFreedomStudio/simpira_test/bsp/install/lib/debug/\libmetal.a(riscv_cpu.o)
                0x00000000200154d6                __metal_driver_cpu_timebase_get
 .text.__metal_driver_cpu_mtime_get
                0x000000002001551c       0x66 C:/Users/shu/wsFreedomStudio/simpira_test/bsp/install/lib/debug/\libmetal.a(riscv_cpu.o)
                0x000000002001551c                __metal_driver_cpu_mtime_get
 .text.__metal_driver_cpu_mtimecmp_set
                0x0000000020015582       0x76 C:/Users/shu/wsFreedomStudio/simpira_test/bsp/install/lib/debug/\libmetal.a(riscv_cpu.o)
                0x0000000020015582                __metal_driver_cpu_mtimecmp_set
 .text.__metal_driver_cpu_timer_controller_interrupt
                0x00000000200155f8       0x1a C:/Users/shu/wsFreedomStudio/simpira_test/bsp/install/lib/debug/\libmetal.a(riscv_cpu.o)
                0x00000000200155f8                __metal_driver_cpu_timer_controller_interrupt
 .text.__metal_driver_cpu_get_timer_interrupt_id
                0x0000000020015612       0x14 C:/Users/shu/wsFreedomStudio/simpira_test/bsp/install/lib/debug/\libmetal.a(riscv_cpu.o)
                0x0000000020015612                __metal_driver_cpu_get_timer_interrupt_id
 .text.__metal_driver_cpu_sw_controller_interrupt
                0x0000000020015626       0x1a C:/Users/shu/wsFreedomStudio/simpira_test/bsp/install/lib/debug/\libmetal.a(riscv_cpu.o)
                0x0000000020015626                __metal_driver_cpu_sw_controller_interrupt
 .text.__metal_driver_cpu_get_sw_interrupt_id
                0x0000000020015640       0x14 C:/Users/shu/wsFreedomStudio/simpira_test/bsp/install/lib/debug/\libmetal.a(riscv_cpu.o)
                0x0000000020015640                __metal_driver_cpu_get_sw_interrupt_id
 .text.__metal_driver_cpu_set_sw_ipi
                0x0000000020015654       0x62 C:/Users/shu/wsFreedomStudio/simpira_test/bsp/install/lib/debug/\libmetal.a(riscv_cpu.o)
                0x0000000020015654                __metal_driver_cpu_set_sw_ipi
 .text.__metal_driver_cpu_clear_sw_ipi
                0x00000000200156b6       0x62 C:/Users/shu/wsFreedomStudio/simpira_test/bsp/install/lib/debug/\libmetal.a(riscv_cpu.o)
                0x00000000200156b6                __metal_driver_cpu_clear_sw_ipi
 .text.__metal_driver_cpu_get_msip
                0x0000000020015718       0x60 C:/Users/shu/wsFreedomStudio/simpira_test/bsp/install/lib/debug/\libmetal.a(riscv_cpu.o)
                0x0000000020015718                __metal_driver_cpu_get_msip
 .text.__metal_driver_cpu_controller_interrupt
                0x0000000020015778       0x20 C:/Users/shu/wsFreedomStudio/simpira_test/bsp/install/lib/debug/\libmetal.a(riscv_cpu.o)
                0x0000000020015778                __metal_driver_cpu_controller_interrupt
 .text.__metal_driver_cpu_exception_register
                0x0000000020015798       0x46 C:/Users/shu/wsFreedomStudio/simpira_test/bsp/install/lib/debug/\libmetal.a(riscv_cpu.o)
                0x0000000020015798                __metal_driver_cpu_exception_register
 .text.__metal_driver_cpu_get_instruction_length
                0x00000000200157de       0x2e C:/Users/shu/wsFreedomStudio/simpira_test/bsp/install/lib/debug/\libmetal.a(riscv_cpu.o)
                0x00000000200157de                __metal_driver_cpu_get_instruction_length
 .text.__metal_driver_cpu_get_exception_pc
                0x000000002001580c       0x1e C:/Users/shu/wsFreedomStudio/simpira_test/bsp/install/lib/debug/\libmetal.a(riscv_cpu.o)
                0x000000002001580c                __metal_driver_cpu_get_exception_pc
 .text.__metal_driver_cpu_set_exception_pc
                0x000000002001582a       0x20 C:/Users/shu/wsFreedomStudio/simpira_test/bsp/install/lib/debug/\libmetal.a(riscv_cpu.o)
                0x000000002001582a                __metal_driver_cpu_set_exception_pc
 .text.__metal_driver_cpu_get_buserror
                0x000000002001584a       0x20 C:/Users/shu/wsFreedomStudio/simpira_test/bsp/install/lib/debug/\libmetal.a(riscv_cpu.o)
                0x000000002001584a                __metal_driver_cpu_get_buserror
 .text.__metal_driver_sifive_plic0_control_base
                0x000000002001586a       0x2a C:/Users/shu/wsFreedomStudio/simpira_test/bsp/install/lib/debug/\libmetal.a(riscv_plic0.o)
 .text.__metal_driver_sifive_plic0_num_interrupts
                0x0000000020015894       0x2a C:/Users/shu/wsFreedomStudio/simpira_test/bsp/install/lib/debug/\libmetal.a(riscv_plic0.o)
 .text.__metal_driver_sifive_plic0_max_priority
                0x00000000200158be       0x28 C:/Users/shu/wsFreedomStudio/simpira_test/bsp/install/lib/debug/\libmetal.a(riscv_plic0.o)
 .text.__metal_driver_sifive_plic0_interrupt_parents
                0x00000000200158e6       0x28 C:/Users/shu/wsFreedomStudio/simpira_test/bsp/install/lib/debug/\libmetal.a(riscv_plic0.o)
 .text.__metal_driver_sifive_plic0_interrupt_lines
                0x000000002001590e       0x22 C:/Users/shu/wsFreedomStudio/simpira_test/bsp/install/lib/debug/\libmetal.a(riscv_plic0.o)
 .text.__metal_driver_sifive_plic0_context_ids
                0x0000000020015930       0x1e C:/Users/shu/wsFreedomStudio/simpira_test/bsp/install/lib/debug/\libmetal.a(riscv_plic0.o)
 .text.__metal_plic0_claim_interrupt
                0x000000002001594e       0x3c C:/Users/shu/wsFreedomStudio/simpira_test/bsp/install/lib/debug/\libmetal.a(riscv_plic0.o)
                0x000000002001594e                __metal_plic0_claim_interrupt
 .text.__metal_plic0_complete_interrupt
                0x000000002001598a       0x46 C:/Users/shu/wsFreedomStudio/simpira_test/bsp/install/lib/debug/\libmetal.a(riscv_plic0.o)
                0x000000002001598a                __metal_plic0_complete_interrupt
 .text.__metal_plic0_set_threshold
                0x00000000200159d0       0x46 C:/Users/shu/wsFreedomStudio/simpira_test/bsp/install/lib/debug/\libmetal.a(riscv_plic0.o)
                0x00000000200159d0                __metal_plic0_set_threshold
 .text.__metal_plic0_get_threshold
                0x0000000020015a16       0x3a C:/Users/shu/wsFreedomStudio/simpira_test/bsp/install/lib/debug/\libmetal.a(riscv_plic0.o)
                0x0000000020015a16                __metal_plic0_get_threshold
 .text.__metal_driver_riscv_plic0_set_priority
                0x0000000020015a50       0x62 C:/Users/shu/wsFreedomStudio/simpira_test/bsp/install/lib/debug/\libmetal.a(riscv_plic0.o)
                0x0000000020015a50                __metal_driver_riscv_plic0_set_priority
 .text.__metal_driver_riscv_plic0_get_priority
                0x0000000020015ab2       0x34 C:/Users/shu/wsFreedomStudio/simpira_test/bsp/install/lib/debug/\libmetal.a(riscv_plic0.o)
                0x0000000020015ab2                __metal_driver_riscv_plic0_get_priority
 .text.__metal_plic0_enable
                0x0000000020015ae6       0xa2 C:/Users/shu/wsFreedomStudio/simpira_test/bsp/install/lib/debug/\libmetal.a(riscv_plic0.o)
                0x0000000020015ae6                __metal_plic0_enable
 .text.__metal_plic0_default_handler
                0x0000000020015b88       0x18 C:/Users/shu/wsFreedomStudio/simpira_test/bsp/install/lib/debug/\libmetal.a(riscv_plic0.o)
                0x0000000020015b88                __metal_plic0_default_handler
 .text.__metal_plic0_handler
                0x0000000020015ba0       0xa4 C:/Users/shu/wsFreedomStudio/simpira_test/bsp/install/lib/debug/\libmetal.a(riscv_plic0.o)
                0x0000000020015ba0                __metal_plic0_handler
 .text.__metal_driver_riscv_plic0_init
                0x0000000020015c44      0x152 C:/Users/shu/wsFreedomStudio/simpira_test/bsp/install/lib/debug/\libmetal.a(riscv_plic0.o)
                0x0000000020015c44                __metal_driver_riscv_plic0_init
 .text.__metal_driver_riscv_plic0_register
                0x0000000020015d96       0xc2 C:/Users/shu/wsFreedomStudio/simpira_test/bsp/install/lib/debug/\libmetal.a(riscv_plic0.o)
                0x0000000020015d96                __metal_driver_riscv_plic0_register
 .text.__metal_driver_riscv_plic0_enable
                0x0000000020015e58       0x50 C:/Users/shu/wsFreedomStudio/simpira_test/bsp/install/lib/debug/\libmetal.a(riscv_plic0.o)
                0x0000000020015e58                __metal_driver_riscv_plic0_enable
 .text.__metal_driver_riscv_plic0_disable
                0x0000000020015ea8       0x50 C:/Users/shu/wsFreedomStudio/simpira_test/bsp/install/lib/debug/\libmetal.a(riscv_plic0.o)
                0x0000000020015ea8                __metal_driver_riscv_plic0_disable
 .text.__metal_driver_riscv_plic0_set_threshold
                0x0000000020015ef8       0x30 C:/Users/shu/wsFreedomStudio/simpira_test/bsp/install/lib/debug/\libmetal.a(riscv_plic0.o)
                0x0000000020015ef8                __metal_driver_riscv_plic0_set_threshold
 .text.__metal_driver_riscv_plic0_get_threshold
                0x0000000020015f28       0x28 C:/Users/shu/wsFreedomStudio/simpira_test/bsp/install/lib/debug/\libmetal.a(riscv_plic0.o)
                0x0000000020015f28                __metal_driver_riscv_plic0_get_threshold
 .text.__metal_driver_riscv_plic0_affinity_enable
                0x0000000020015f50       0x9c C:/Users/shu/wsFreedomStudio/simpira_test/bsp/install/lib/debug/\libmetal.a(riscv_plic0.o)
                0x0000000020015f50                __metal_driver_riscv_plic0_affinity_enable
 .text.__metal_driver_riscv_plic0_affinity_disable
                0x0000000020015fec       0x9c C:/Users/shu/wsFreedomStudio/simpira_test/bsp/install/lib/debug/\libmetal.a(riscv_plic0.o)
                0x0000000020015fec                __metal_driver_riscv_plic0_affinity_disable
 .text.__metal_driver_riscv_plic0_affinity_set_threshold
                0x0000000020016088       0x74 C:/Users/shu/wsFreedomStudio/simpira_test/bsp/install/lib/debug/\libmetal.a(riscv_plic0.o)
                0x0000000020016088                __metal_driver_riscv_plic0_affinity_set_threshold
 .text.__metal_driver_riscv_plic0_affinity_get_threshold
                0x00000000200160fc       0x28 C:/Users/shu/wsFreedomStudio/simpira_test/bsp/install/lib/debug/\libmetal.a(riscv_plic0.o)
                0x00000000200160fc                __metal_driver_riscv_plic0_affinity_get_threshold
 .text.__metal_driver_sifive_fe310_g000_hfrosc_ref
                0x0000000020016124       0x1a C:/Users/shu/wsFreedomStudio/simpira_test/bsp/install/lib/debug/\libmetal.a(sifive_fe310-g000_hfrosc.o)
 .text.__metal_driver_sifive_fe310_g000_hfrosc_config_base
                0x000000002001613e       0x16 C:/Users/shu/wsFreedomStudio/simpira_test/bsp/install/lib/debug/\libmetal.a(sifive_fe310-g000_hfrosc.o)
 .text.__metal_driver_sifive_fe310_g000_hfrosc_config_offset
                0x0000000020016154       0x14 C:/Users/shu/wsFreedomStudio/simpira_test/bsp/install/lib/debug/\libmetal.a(sifive_fe310-g000_hfrosc.o)
 .text.__metal_driver_sifive_fe310_g000_prci_vtable
                0x0000000020016168       0x16 C:/Users/shu/wsFreedomStudio/simpira_test/bsp/install/lib/debug/\libmetal.a(sifive_fe310-g000_hfrosc.o)
 .text.__metal_driver_sifive_fe310_g000_hfrosc_get_rate_hz
                0x000000002001617e       0x84 C:/Users/shu/wsFreedomStudio/simpira_test/bsp/install/lib/debug/\libmetal.a(sifive_fe310-g000_hfrosc.o)
                0x000000002001617e                __metal_driver_sifive_fe310_g000_hfrosc_get_rate_hz
 .text.__metal_driver_sifive_fe310_g000_hfrosc_set_rate_hz
                0x0000000020016202       0x22 C:/Users/shu/wsFreedomStudio/simpira_test/bsp/install/lib/debug/\libmetal.a(sifive_fe310-g000_hfrosc.o)
                0x0000000020016202                __metal_driver_sifive_fe310_g000_hfrosc_set_rate_hz
 .text.__metal_driver_sifive_fe310_g000_hfxosc_ref
                0x0000000020016224       0x1a C:/Users/shu/wsFreedomStudio/simpira_test/bsp/install/lib/debug/\libmetal.a(sifive_fe310-g000_hfxosc.o)
 .text.__metal_driver_sifive_fe310_g000_hfxosc_config_base
                0x000000002001623e       0x16 C:/Users/shu/wsFreedomStudio/simpira_test/bsp/install/lib/debug/\libmetal.a(sifive_fe310-g000_hfxosc.o)
 .text.__metal_driver_sifive_fe310_g000_hfxosc_config_offset
                0x0000000020016254       0x14 C:/Users/shu/wsFreedomStudio/simpira_test/bsp/install/lib/debug/\libmetal.a(sifive_fe310-g000_hfxosc.o)
 .text.__metal_driver_sifive_fe310_g000_prci_vtable
                0x0000000020016268       0x16 C:/Users/shu/wsFreedomStudio/simpira_test/bsp/install/lib/debug/\libmetal.a(sifive_fe310-g000_hfxosc.o)
 .text.__metal_driver_sifive_fe310_g000_hfxosc_get_rate_hz
                0x000000002001627e       0x74 C:/Users/shu/wsFreedomStudio/simpira_test/bsp/install/lib/debug/\libmetal.a(sifive_fe310-g000_hfxosc.o)
                0x000000002001627e                __metal_driver_sifive_fe310_g000_hfxosc_get_rate_hz
 .text.__metal_driver_sifive_fe310_g000_hfxosc_set_rate_hz
                0x00000000200162f2       0x22 C:/Users/shu/wsFreedomStudio/simpira_test/bsp/install/lib/debug/\libmetal.a(sifive_fe310-g000_hfxosc.o)
                0x00000000200162f2                __metal_driver_sifive_fe310_g000_hfxosc_set_rate_hz
 .text.__metal_driver_sifive_fe310_g000_pll_pllsel0
                0x0000000020016314       0x1a C:/Users/shu/wsFreedomStudio/simpira_test/bsp/install/lib/debug/\libmetal.a(sifive_fe310-g000_pll.o)
 .text.__metal_driver_sifive_fe310_g000_pll_pllref
                0x000000002001632e       0x1a C:/Users/shu/wsFreedomStudio/simpira_test/bsp/install/lib/debug/\libmetal.a(sifive_fe310-g000_pll.o)
 .text.__metal_driver_sifive_fe310_g000_pll_divider_base
                0x0000000020016348       0x16 C:/Users/shu/wsFreedomStudio/simpira_test/bsp/install/lib/debug/\libmetal.a(sifive_fe310-g000_pll.o)
 .text.__metal_driver_sifive_fe310_g000_pll_divider_offset
                0x000000002001635e       0x14 C:/Users/shu/wsFreedomStudio/simpira_test/bsp/install/lib/debug/\libmetal.a(sifive_fe310-g000_pll.o)
 .text.__metal_driver_sifive_fe310_g000_pll_config_base
                0x0000000020016372       0x12 C:/Users/shu/wsFreedomStudio/simpira_test/bsp/install/lib/debug/\libmetal.a(sifive_fe310-g000_pll.o)
 .text.__metal_driver_sifive_fe310_g000_pll_config_offset
                0x0000000020016384       0x10 C:/Users/shu/wsFreedomStudio/simpira_test/bsp/install/lib/debug/\libmetal.a(sifive_fe310-g000_pll.o)
 .text.__metal_driver_sifive_fe310_g000_pll_init_rate
                0x0000000020016394       0x16 C:/Users/shu/wsFreedomStudio/simpira_test/bsp/install/lib/debug/\libmetal.a(sifive_fe310-g000_pll.o)
 .text.__metal_driver_sifive_fe310_g000_prci_base
                0x00000000200163aa       0x12 C:/Users/shu/wsFreedomStudio/simpira_test/bsp/install/lib/debug/\libmetal.a(sifive_fe310-g000_pll.o)
 .text.__metal_driver_sifive_fe310_g000_prci_vtable
                0x00000000200163bc       0x16 C:/Users/shu/wsFreedomStudio/simpira_test/bsp/install/lib/debug/\libmetal.a(sifive_fe310-g000_pll.o)
 .text.get_pll_config_freq
                0x00000000200163d2       0x4e C:/Users/shu/wsFreedomStudio/simpira_test/bsp/install/lib/debug/\libmetal.a(sifive_fe310-g000_pll.o)
 .text.__metal_driver_sifive_fe310_g000_pll_init
                0x0000000020016420       0xa4 C:/Users/shu/wsFreedomStudio/simpira_test/bsp/install/lib/debug/\libmetal.a(sifive_fe310-g000_pll.o)
                0x0000000020016420                __metal_driver_sifive_fe310_g000_pll_init
 .text.__metal_driver_sifive_fe310_g000_pll_get_rate_hz
                0x00000000200164c4      0x170 C:/Users/shu/wsFreedomStudio/simpira_test/bsp/install/lib/debug/\libmetal.a(sifive_fe310-g000_pll.o)
                0x00000000200164c4                __metal_driver_sifive_fe310_g000_pll_get_rate_hz
 .text.find_closest_config
                0x0000000020016634       0xac C:/Users/shu/wsFreedomStudio/simpira_test/bsp/install/lib/debug/\libmetal.a(sifive_fe310-g000_pll.o)
 .text.configure_pll
                0x00000000200166e0      0x1b0 C:/Users/shu/wsFreedomStudio/simpira_test/bsp/install/lib/debug/\libmetal.a(sifive_fe310-g000_pll.o)
 .text.__metal_driver_sifive_fe310_g000_pll_set_rate_hz
                0x0000000020016890      0x166 C:/Users/shu/wsFreedomStudio/simpira_test/bsp/install/lib/debug/\libmetal.a(sifive_fe310-g000_pll.o)
                0x0000000020016890                __metal_driver_sifive_fe310_g000_pll_set_rate_hz
 .text.__metal_driver_sifive_fe310_g000_prci_base
                0x00000000200169f6       0x12 C:/Users/shu/wsFreedomStudio/simpira_test/bsp/install/lib/debug/\libmetal.a(sifive_fe310-g000_prci.o)
 .text.__metal_driver_sifive_fe310_g000_prci_get_reg
                0x0000000020016a08       0x2e C:/Users/shu/wsFreedomStudio/simpira_test/bsp/install/lib/debug/\libmetal.a(sifive_fe310-g000_prci.o)
                0x0000000020016a08                __metal_driver_sifive_fe310_g000_prci_get_reg
 .text.__metal_driver_sifive_fe310_g000_prci_set_reg
                0x0000000020016a36       0x38 C:/Users/shu/wsFreedomStudio/simpira_test/bsp/install/lib/debug/\libmetal.a(sifive_fe310-g000_prci.o)
                0x0000000020016a36                __metal_driver_sifive_fe310_g000_prci_set_reg
 .text.__metal_driver_sifive_gpio0_base
                0x0000000020016a6e       0x26 C:/Users/shu/wsFreedomStudio/simpira_test/bsp/install/lib/debug/\libmetal.a(sifive_gpio0.o)
 .text.__metal_driver_sifive_gpio0_interrupt_parent
                0x0000000020016a94       0x2a C:/Users/shu/wsFreedomStudio/simpira_test/bsp/install/lib/debug/\libmetal.a(sifive_gpio0.o)
 .text.__metal_driver_sifive_gpio0_interrupt_lines
                0x0000000020016abe      0x35e C:/Users/shu/wsFreedomStudio/simpira_test/bsp/install/lib/debug/\libmetal.a(sifive_gpio0.o)
 .text.__metal_driver_sifive_gpio0_enable_input
                0x0000000020016e1c       0x40 C:/Users/shu/wsFreedomStudio/simpira_test/bsp/install/lib/debug/\libmetal.a(sifive_gpio0.o)
                0x0000000020016e1c                __metal_driver_sifive_gpio0_enable_input
 .text.__metal_driver_sifive_gpio0_disable_input
                0x0000000020016e5c       0x46 C:/Users/shu/wsFreedomStudio/simpira_test/bsp/install/lib/debug/\libmetal.a(sifive_gpio0.o)
                0x0000000020016e5c                __metal_driver_sifive_gpio0_disable_input
 .text.__metal_driver_sifive_gpio0_input
                0x0000000020016ea2       0x2a C:/Users/shu/wsFreedomStudio/simpira_test/bsp/install/lib/debug/\libmetal.a(sifive_gpio0.o)
                0x0000000020016ea2                __metal_driver_sifive_gpio0_input
 .text.__metal_driver_sifive_gpio0_output
                0x0000000020016ecc       0x2c C:/Users/shu/wsFreedomStudio/simpira_test/bsp/install/lib/debug/\libmetal.a(sifive_gpio0.o)
                0x0000000020016ecc                __metal_driver_sifive_gpio0_output
 .text.__metal_driver_sifive_gpio0_disable_output
                0x0000000020016ef8       0x46 C:/Users/shu/wsFreedomStudio/simpira_test/bsp/install/lib/debug/\libmetal.a(sifive_gpio0.o)
                0x0000000020016ef8                __metal_driver_sifive_gpio0_disable_output
 .text.__metal_driver_sifive_gpio0_enable_output
                0x0000000020016f3e       0x40 C:/Users/shu/wsFreedomStudio/simpira_test/bsp/install/lib/debug/\libmetal.a(sifive_gpio0.o)
                0x0000000020016f3e                __metal_driver_sifive_gpio0_enable_output
 .text.__metal_driver_sifive_gpio0_output_set
                0x0000000020016f7e       0x40 C:/Users/shu/wsFreedomStudio/simpira_test/bsp/install/lib/debug/\libmetal.a(sifive_gpio0.o)
                0x0000000020016f7e                __metal_driver_sifive_gpio0_output_set
 .text.__metal_driver_sifive_gpio0_output_clear
                0x0000000020016fbe       0x46 C:/Users/shu/wsFreedomStudio/simpira_test/bsp/install/lib/debug/\libmetal.a(sifive_gpio0.o)
                0x0000000020016fbe                __metal_driver_sifive_gpio0_output_clear
 .text.__metal_driver_sifive_gpio0_output_toggle
                0x0000000020017004       0x40 C:/Users/shu/wsFreedomStudio/simpira_test/bsp/install/lib/debug/\libmetal.a(sifive_gpio0.o)
                0x0000000020017004                __metal_driver_sifive_gpio0_output_toggle
 .text.__metal_driver_sifive_gpio0_enable_io
                0x0000000020017044       0x62 C:/Users/shu/wsFreedomStudio/simpira_test/bsp/install/lib/debug/\libmetal.a(sifive_gpio0.o)
                0x0000000020017044                __metal_driver_sifive_gpio0_enable_io
 .text.__metal_driver_sifive_gpio0_disable_io
                0x00000000200170a6       0x4a C:/Users/shu/wsFreedomStudio/simpira_test/bsp/install/lib/debug/\libmetal.a(sifive_gpio0.o)
                0x00000000200170a6                __metal_driver_sifive_gpio0_disable_io
 .text.__metal_driver_sifive_gpio0_config_int
                0x00000000200170f0      0x206 C:/Users/shu/wsFreedomStudio/simpira_test/bsp/install/lib/debug/\libmetal.a(sifive_gpio0.o)
                0x00000000200170f0                __metal_driver_sifive_gpio0_config_int
 .text.__metal_driver_sifive_gpio0_clear_int
                0x00000000200172f6      0x188 C:/Users/shu/wsFreedomStudio/simpira_test/bsp/install/lib/debug/\libmetal.a(sifive_gpio0.o)
                0x00000000200172f6                __metal_driver_sifive_gpio0_clear_int
 .text.__metal_driver_gpio_interrupt_controller
                0x000000002001747e       0x20 C:/Users/shu/wsFreedomStudio/simpira_test/bsp/install/lib/debug/\libmetal.a(sifive_gpio0.o)
                0x000000002001747e                __metal_driver_gpio_interrupt_controller
 .text.__metal_driver_gpio_get_interrupt_id
                0x000000002001749e       0x2e C:/Users/shu/wsFreedomStudio/simpira_test/bsp/install/lib/debug/\libmetal.a(sifive_gpio0.o)
                0x000000002001749e                __metal_driver_gpio_get_interrupt_id
 .text.__metal_driver_sifive_uart0_control_base
                0x00000000200174cc       0x40 C:/Users/shu/wsFreedomStudio/simpira_test/bsp/install/lib/debug/\libmetal.a(sifive_uart0.o)
 .text.__metal_driver_sifive_uart0_interrupt_parent
                0x000000002001750c       0x48 C:/Users/shu/wsFreedomStudio/simpira_test/bsp/install/lib/debug/\libmetal.a(sifive_uart0.o)
 .text.__metal_driver_sifive_uart0_interrupt_line
                0x0000000020017554       0x3c C:/Users/shu/wsFreedomStudio/simpira_test/bsp/install/lib/debug/\libmetal.a(sifive_uart0.o)
 .text.__metal_driver_sifive_uart0_clock
                0x0000000020017590       0x48 C:/Users/shu/wsFreedomStudio/simpira_test/bsp/install/lib/debug/\libmetal.a(sifive_uart0.o)
 .text.__metal_driver_sifive_uart0_pinmux
                0x00000000200175d8       0x40 C:/Users/shu/wsFreedomStudio/simpira_test/bsp/install/lib/debug/\libmetal.a(sifive_uart0.o)
 .text.__metal_driver_sifive_uart0_pinmux_output_selector
                0x0000000020017618       0x3c C:/Users/shu/wsFreedomStudio/simpira_test/bsp/install/lib/debug/\libmetal.a(sifive_uart0.o)
 .text.__metal_driver_sifive_uart0_pinmux_source_selector
                0x0000000020017654       0x40 C:/Users/shu/wsFreedomStudio/simpira_test/bsp/install/lib/debug/\libmetal.a(sifive_uart0.o)
 .text.__metal_driver_sifive_uart0_interrupt_controller
                0x0000000020017694       0x20 C:/Users/shu/wsFreedomStudio/simpira_test/bsp/install/lib/debug/\libmetal.a(sifive_uart0.o)
                0x0000000020017694                __metal_driver_sifive_uart0_interrupt_controller
 .text.__metal_driver_sifive_uart0_get_interrupt_id
                0x00000000200176b4       0x1e C:/Users/shu/wsFreedomStudio/simpira_test/bsp/install/lib/debug/\libmetal.a(sifive_uart0.o)
                0x00000000200176b4                __metal_driver_sifive_uart0_get_interrupt_id
 .text.__metal_driver_sifive_uart0_tx_interrupt_enable
                0x00000000200176d2       0x3a C:/Users/shu/wsFreedomStudio/simpira_test/bsp/install/lib/debug/\libmetal.a(sifive_uart0.o)
                0x00000000200176d2                __metal_driver_sifive_uart0_tx_interrupt_enable
 .text.__metal_driver_sifive_uart0_tx_interrupt_disable
                0x000000002001770c       0x38 C:/Users/shu/wsFreedomStudio/simpira_test/bsp/install/lib/debug/\libmetal.a(sifive_uart0.o)
                0x000000002001770c                __metal_driver_sifive_uart0_tx_interrupt_disable
 .text.__metal_driver_sifive_uart0_rx_interrupt_enable
                0x0000000020017744       0x3a C:/Users/shu/wsFreedomStudio/simpira_test/bsp/install/lib/debug/\libmetal.a(sifive_uart0.o)
                0x0000000020017744                __metal_driver_sifive_uart0_rx_interrupt_enable
 .text.__metal_driver_sifive_uart0_rx_interrupt_disable
                0x000000002001777e       0x38 C:/Users/shu/wsFreedomStudio/simpira_test/bsp/install/lib/debug/\libmetal.a(sifive_uart0.o)
                0x000000002001777e                __metal_driver_sifive_uart0_rx_interrupt_disable
 .text.__metal_driver_sifive_uart0_txready
                0x00000000200177b6       0x30 C:/Users/shu/wsFreedomStudio/simpira_test/bsp/install/lib/debug/\libmetal.a(sifive_uart0.o)
                0x00000000200177b6                __metal_driver_sifive_uart0_txready
 .text.__metal_driver_sifive_uart0_set_tx_watermark
                0x00000000200177e6       0x4a C:/Users/shu/wsFreedomStudio/simpira_test/bsp/install/lib/debug/\libmetal.a(sifive_uart0.o)
                0x00000000200177e6                __metal_driver_sifive_uart0_set_tx_watermark
 .text.__metal_driver_sifive_uart0_get_tx_watermark
                0x0000000020017830       0x30 C:/Users/shu/wsFreedomStudio/simpira_test/bsp/install/lib/debug/\libmetal.a(sifive_uart0.o)
                0x0000000020017830                __metal_driver_sifive_uart0_get_tx_watermark
 .text.__metal_driver_sifive_uart0_set_rx_watermark
                0x0000000020017860       0x4a C:/Users/shu/wsFreedomStudio/simpira_test/bsp/install/lib/debug/\libmetal.a(sifive_uart0.o)
                0x0000000020017860                __metal_driver_sifive_uart0_set_rx_watermark
 .text.__metal_driver_sifive_uart0_get_rx_watermark
                0x00000000200178aa       0x30 C:/Users/shu/wsFreedomStudio/simpira_test/bsp/install/lib/debug/\libmetal.a(sifive_uart0.o)
                0x00000000200178aa                __metal_driver_sifive_uart0_get_rx_watermark
 .text.__metal_driver_sifive_uart0_putc
                0x00000000200178da       0x40 C:/Users/shu/wsFreedomStudio/simpira_test/bsp/install/lib/debug/\libmetal.a(sifive_uart0.o)
                0x00000000200178da                __metal_driver_sifive_uart0_putc
 .text.__metal_driver_sifive_uart0_getc
                0x000000002001791a       0x56 C:/Users/shu/wsFreedomStudio/simpira_test/bsp/install/lib/debug/\libmetal.a(sifive_uart0.o)
                0x000000002001791a                __metal_driver_sifive_uart0_getc
 .text.__metal_driver_sifive_uart0_get_baud_rate
                0x0000000020017970       0x20 C:/Users/shu/wsFreedomStudio/simpira_test/bsp/install/lib/debug/\libmetal.a(sifive_uart0.o)
                0x0000000020017970                __metal_driver_sifive_uart0_get_baud_rate
 .text.__metal_driver_sifive_uart0_set_baud_rate
                0x0000000020017990       0xa0 C:/Users/shu/wsFreedomStudio/simpira_test/bsp/install/lib/debug/\libmetal.a(sifive_uart0.o)
                0x0000000020017990                __metal_driver_sifive_uart0_set_baud_rate
 .text.pre_rate_change_callback_func
                0x0000000020017a30       0xda C:/Users/shu/wsFreedomStudio/simpira_test/bsp/install/lib/debug/\libmetal.a(sifive_uart0.o)
 .text.post_rate_change_callback_func
                0x0000000020017b0a       0x30 C:/Users/shu/wsFreedomStudio/simpira_test/bsp/install/lib/debug/\libmetal.a(sifive_uart0.o)
 .text.__metal_driver_sifive_uart0_init
                0x0000000020017b3a       0xd2 C:/Users/shu/wsFreedomStudio/simpira_test/bsp/install/lib/debug/\libmetal.a(sifive_uart0.o)
                0x0000000020017b3a                __metal_driver_sifive_uart0_init
 .text._metal_clock_call_all_callbacks
                0x0000000020017c0c       0x42 C:/Users/shu/wsFreedomStudio/simpira_test/bsp/install/lib/debug/\libmetal.a(clock.o)
                0x0000000020017c0c                _metal_clock_call_all_callbacks
 .text._metal_clock_append_to_callbacks
                0x0000000020017c4e       0x54 C:/Users/shu/wsFreedomStudio/simpira_test/bsp/install/lib/debug/\libmetal.a(clock.o)
                0x0000000020017c4e                _metal_clock_append_to_callbacks
 .text.metal_clock_get_rate_hz
                0x0000000020017ca2       0x26 C:/Users/shu/wsFreedomStudio/simpira_test/bsp/install/lib/debug/\libmetal.a(clock.o)
                0x0000000020017ca2                metal_clock_get_rate_hz
 .text.metal_clock_set_rate_hz
                0x0000000020017cc8       0x48 C:/Users/shu/wsFreedomStudio/simpira_test/bsp/install/lib/debug/\libmetal.a(clock.o)
                0x0000000020017cc8                metal_clock_set_rate_hz
 .text.metal_clock_register_pre_rate_change_callback
                0x0000000020017d10       0x30 C:/Users/shu/wsFreedomStudio/simpira_test/bsp/install/lib/debug/\libmetal.a(clock.o)
                0x0000000020017d10                metal_clock_register_pre_rate_change_callback
 .text.metal_clock_register_post_rate_change_callback
                0x0000000020017d40       0x32 C:/Users/shu/wsFreedomStudio/simpira_test/bsp/install/lib/debug/\libmetal.a(clock.o)
                0x0000000020017d40                metal_clock_register_post_rate_change_callback
 .text.metal_cpu_interrupt_controller
                0x0000000020017d72       0x26 C:/Users/shu/wsFreedomStudio/simpira_test/bsp/install/lib/debug/\libmetal.a(cpu.o)
                0x0000000020017d72                metal_cpu_interrupt_controller
 .text.metal_cpu_get
                0x0000000020017d98       0x2e C:/Users/shu/wsFreedomStudio/simpira_test/bsp/install/lib/debug/\libmetal.a(cpu.o)
                0x0000000020017d98                metal_cpu_get
 .text.metal_cpu_get_current_hartid
                0x0000000020017dc6       0x1a C:/Users/shu/wsFreedomStudio/simpira_test/bsp/install/lib/debug/\libmetal.a(cpu.o)
                0x0000000020017dc6                metal_cpu_get_current_hartid
 .text.metal_shutdown
                0x0000000020017de0        0xe C:/Users/shu/wsFreedomStudio/simpira_test/bsp/install/lib/debug/\libmetal.a(shutdown.o)
                0x0000000020017de0                metal_shutdown
 *fill*         0x0000000020017dee       0x12 
 .text          0x0000000020017e00       0x80 C:/Users/shu/wsFreedomStudio/simpira_test/bsp/install/lib/debug/\libmetal.a(vector.o)
                0x0000000020017e00                __metal_vector_table
 .text.__metal_driver_fixed_clock_rate
                0x0000000020017e80       0x70 C:/Users/shu/wsFreedomStudio/simpira_test/bsp/install/lib/debug/\libmetal.a(fixed-clock.o)
 .text.__metal_driver_fixed_clock_get_rate_hz
                0x0000000020017ef0       0x1e C:/Users/shu/wsFreedomStudio/simpira_test/bsp/install/lib/debug/\libmetal.a(fixed-clock.o)
                0x0000000020017ef0                __metal_driver_fixed_clock_get_rate_hz
 .text.__metal_driver_fixed_clock_set_rate_hz
                0x0000000020017f0e       0x22 C:/Users/shu/wsFreedomStudio/simpira_test/bsp/install/lib/debug/\libmetal.a(fixed-clock.o)
                0x0000000020017f0e                __metal_driver_fixed_clock_set_rate_hz
 .text._exit    0x0000000020017f30       0x14 C:/Users/shu/wsFreedomStudio/simpira_test/bsp/install/lib/debug/\libmetal-gloss.a(sys_exit.o)
                0x0000000020017f30                _exit
 *(.gnu.linkonce.t.*)

.rela.dyn       0x0000000020017f44        0x0
 .rela.text._vfprintf_r
                0x0000000020017f44        0x0 C:\Users\shu\AppData\Local\Temp\ccarwHry.o
 .rela.text.metal.init.enter
                0x0000000020017f44        0x0 C:\Users\shu\AppData\Local\Temp\ccarwHry.o
 .rela.text.metal.init.scrub
                0x0000000020017f44        0x0 C:\Users\shu\AppData\Local\Temp\ccarwHry.o
 .rela.text.libgloss.start
                0x0000000020017f44        0x0 C:\Users\shu\AppData\Local\Temp\ccarwHry.o
 .rela.sdata.__brk
                0x0000000020017f44        0x0 C:\Users\shu\AppData\Local\Temp\ccarwHry.o
 .rela.text._sbrk
                0x0000000020017f44        0x0 C:\Users\shu\AppData\Local\Temp\ccarwHry.o
 .rela.text.__libc_fini_array
                0x0000000020017f44        0x0 C:\Users\shu\AppData\Local\Temp\ccarwHry.o
 .rela.text.__libc_init_array
                0x0000000020017f44        0x0 C:\Users\shu\AppData\Local\Temp\ccarwHry.o
 .rela.text.__register_exitproc
                0x0000000020017f44        0x0 C:\Users\shu\AppData\Local\Temp\ccarwHry.o
 .rela.text.metal_init
                0x0000000020017f44        0x0 C:\Users\shu\AppData\Local\Temp\ccarwHry.o
 .rela.text.metal_fini
                0x0000000020017f44        0x0 C:\Users\shu\AppData\Local\Temp\ccarwHry.o
 .rela.text.__metal_driver_cpu_get
                0x0000000020017f44        0x0 C:\Users\shu\AppData\Local\Temp\ccarwHry.o
 .rela.text.metal_software_interrupt_vector_handler
                0x0000000020017f44        0x0 C:\Users\shu\AppData\Local\Temp\ccarwHry.o
 .rela.text.__metal_default_sw_handler
                0x0000000020017f44        0x0 C:\Users\shu\AppData\Local\Temp\ccarwHry.o
 .rela.text.metal_timer_interrupt_vector_handler
                0x0000000020017f44        0x0 C:\Users\shu\AppData\Local\Temp\ccarwHry.o
 .rela.text.__metal_exception_handler
                0x0000000020017f44        0x0 C:\Users\shu\AppData\Local\Temp\ccarwHry.o
 .rela.text.metal_lc0_interrupt_vector_handler
                0x0000000020017f44        0x0 C:\Users\shu\AppData\Local\Temp\ccarwHry.o
 .rela.text.metal_lc1_interrupt_vector_handler
                0x0000000020017f44        0x0 C:\Users\shu\AppData\Local\Temp\ccarwHry.o
 .rela.text.metal_lc2_interrupt_vector_handler
                0x0000000020017f44        0x0 C:\Users\shu\AppData\Local\Temp\ccarwHry.o
 .rela.text.metal_lc3_interrupt_vector_handler
                0x0000000020017f44        0x0 C:\Users\shu\AppData\Local\Temp\ccarwHry.o
 .rela.text.metal_lc4_interrupt_vector_handler
                0x0000000020017f44        0x0 C:\Users\shu\AppData\Local\Temp\ccarwHry.o
 .rela.text.metal_lc5_interrupt_vector_handler
                0x0000000020017f44        0x0 C:\Users\shu\AppData\Local\Temp\ccarwHry.o
 .rela.text.metal_lc6_interrupt_vector_handler
                0x0000000020017f44        0x0 C:\Users\shu\AppData\Local\Temp\ccarwHry.o
 .rela.text.metal_lc7_interrupt_vector_handler
                0x0000000020017f44        0x0 C:\Users\shu\AppData\Local\Temp\ccarwHry.o
 .rela.text.metal_lc8_interrupt_vector_handler
                0x0000000020017f44        0x0 C:\Users\shu\AppData\Local\Temp\ccarwHry.o
 .rela.text.metal_lc9_interrupt_vector_handler
                0x0000000020017f44        0x0 C:\Users\shu\AppData\Local\Temp\ccarwHry.o
 .rela.text.metal_lc10_interrupt_vector_handler
                0x0000000020017f44        0x0 C:\Users\shu\AppData\Local\Temp\ccarwHry.o
 .rela.text.metal_lc11_interrupt_vector_handler
                0x0000000020017f44        0x0 C:\Users\shu\AppData\Local\Temp\ccarwHry.o
 .rela.text.metal_lc12_interrupt_vector_handler
                0x0000000020017f44        0x0 C:\Users\shu\AppData\Local\Temp\ccarwHry.o
 .rela.text.metal_lc13_interrupt_vector_handler
                0x0000000020017f44        0x0 C:\Users\shu\AppData\Local\Temp\ccarwHry.o
 .rela.text.metal_lc14_interrupt_vector_handler
                0x0000000020017f44        0x0 C:\Users\shu\AppData\Local\Temp\ccarwHry.o
 .rela.text.metal_lc15_interrupt_vector_handler
                0x0000000020017f44        0x0 C:\Users\shu\AppData\Local\Temp\ccarwHry.o
 .rela.text.metal_cpu_get
                0x0000000020017f44        0x0 C:\Users\shu\AppData\Local\Temp\ccarwHry.o
 .rela.text     0x0000000020017f44        0x0 C:\Users\shu\AppData\Local\Temp\ccarwHry.o

.data           0x0000000080000000     0x1ac4 load address 0x0000000020017f48
 *(.data .data.*)
 .data          0x0000000080000000     0x1000 C:\Users\shu\AppData\Local\Temp\ccYTnK9c.o
 .data.impure_data
                0x0000000080001000       0x60 c:/users/shu/desktop/freedomstudio-4.18.0.2021-04-1-x86_64-w64-mingw32/sifive/riscv64-unknown-elf-toolchain-10.2.0-2020.12.8/bin/../lib/gcc/riscv64-unknown-elf/10.2.0/../../../../riscv64-unknown-elf/lib/rv32imac/ilp32\libc_nano.a(lib_a-impure.o)
 .data.__metal_dt_clock_0
                0x0000000080001060        0xc C:/Users/shu/wsFreedomStudio/simpira_test/bsp/install/lib/debug/\libmetal.a(inline.o)
                0x0000000080001060                __metal_dt_clock_0
 .data.__metal_dt_clock_2
                0x000000008000106c        0xc C:/Users/shu/wsFreedomStudio/simpira_test/bsp/install/lib/debug/\libmetal.a(inline.o)
                0x000000008000106c                __metal_dt_clock_2
 .data.__metal_dt_clock_5
                0x0000000080001078        0xc C:/Users/shu/wsFreedomStudio/simpira_test/bsp/install/lib/debug/\libmetal.a(inline.o)
                0x0000000080001078                __metal_dt_clock_5
 .data.__metal_dt_clock_6
                0x0000000080001084        0xc C:/Users/shu/wsFreedomStudio/simpira_test/bsp/install/lib/debug/\libmetal.a(inline.o)
                0x0000000080001084                __metal_dt_clock_6
 .data.__metal_dt_cpu_0_interrupt_controller
                0x0000000080001090      0x3d0 C:/Users/shu/wsFreedomStudio/simpira_test/bsp/install/lib/debug/\libmetal.a(inline.o)
                0x0000000080001090                __metal_dt_cpu_0_interrupt_controller
 .data.__metal_dt_interrupt_controller_c000000
                0x0000000080001460      0x5d8 C:/Users/shu/wsFreedomStudio/simpira_test/bsp/install/lib/debug/\libmetal.a(inline.o)
                0x0000000080001460                __metal_dt_interrupt_controller_c000000
 .data.__metal_dt_serial_10013000
                0x0000000080001a38       0x20 C:/Users/shu/wsFreedomStudio/simpira_test/bsp/install/lib/debug/\libmetal.a(inline.o)
                0x0000000080001a38                __metal_dt_serial_10013000
 .data.__metal_dt_serial_10023000
                0x0000000080001a58       0x20 C:/Users/shu/wsFreedomStudio/simpira_test/bsp/install/lib/debug/\libmetal.a(inline.o)
                0x0000000080001a58                __metal_dt_serial_10023000
 .data.__metal_dt_clock_3
                0x0000000080001a78        0xc C:/Users/shu/wsFreedomStudio/simpira_test/bsp/install/lib/debug/\libmetal.a(inline.o)
                0x0000000080001a78                __metal_dt_clock_3
 .data.__metal_dt_clock_1
                0x0000000080001a84        0xc C:/Users/shu/wsFreedomStudio/simpira_test/bsp/install/lib/debug/\libmetal.a(inline.o)
                0x0000000080001a84                __metal_dt_clock_1
 .data.__metal_dt_clock_4
                0x0000000080001a90        0xc C:/Users/shu/wsFreedomStudio/simpira_test/bsp/install/lib/debug/\libmetal.a(inline.o)
                0x0000000080001a90                __metal_dt_clock_4
 *(.gnu.linkonce.d.*)
                0x0000000080001aa0                . = ALIGN (0x8)
 *fill*         0x0000000080001a9c        0x4 
                0x00000000800022a0                PROVIDE (__global_pointer$ = (. + 0x800))
 *(.sdata .sdata.* .sdata2.*)
 .sdata._impure_ptr
                0x0000000080001aa0        0x4 c:/users/shu/desktop/freedomstudio-4.18.0.2021-04-1-x86_64-w64-mingw32/sifive/riscv64-unknown-elf-toolchain-10.2.0-2020.12.8/bin/../lib/gcc/riscv64-unknown-elf/10.2.0/../../../../riscv64-unknown-elf/lib/rv32imac/ilp32\libc_nano.a(lib_a-impure.o)
                0x0000000080001aa0                _impure_ptr
 .sdata.__brk   0x0000000080001aa4        0x4 C:/Users/shu/wsFreedomStudio/simpira_test/bsp/install/lib/debug/\libmetal-gloss.a(sys_sbrk.o)
 .sdata.__metal_cpu_table
                0x0000000080001aa8        0x4 C:/Users/shu/wsFreedomStudio/simpira_test/bsp/install/lib/debug/\libmetal.a(synchronize_harts.o)
                0x0000000080001aa8                __metal_cpu_table
 .sdata.__metal_dt_clint_2000000
                0x0000000080001aac        0x8 C:/Users/shu/wsFreedomStudio/simpira_test/bsp/install/lib/debug/\libmetal.a(inline.o)
                0x0000000080001aac                __metal_dt_clint_2000000
 .sdata.__metal_dt_cpu_0
                0x0000000080001ab4        0x8 C:/Users/shu/wsFreedomStudio/simpira_test/bsp/install/lib/debug/\libmetal.a(inline.o)
                0x0000000080001ab4                __metal_dt_cpu_0
 .sdata.__metal_dt_gpio_10012000
                0x0000000080001abc        0x4 C:/Users/shu/wsFreedomStudio/simpira_test/bsp/install/lib/debug/\libmetal.a(inline.o)
                0x0000000080001abc                __metal_dt_gpio_10012000
 .sdata.__metal_dt_prci_10008000
                0x0000000080001ac0        0x4 C:/Users/shu/wsFreedomStudio/simpira_test/bsp/install/lib/debug/\libmetal.a(inline.o)
                0x0000000080001ac0                __metal_dt_prci_10008000
 *(.gnu.linkonce.s.*)

.tdata          0x0000000080001ac8        0x0 load address 0x0000000020019a10
                0x0000000080001ac8                PROVIDE (__tls_base = .)
 *(.tdata .tdata.* .gnu.linkonce.td.*)
                [!provide]                        PROVIDE (__tdata_source = LOADADDR (.tdata))
                [!provide]                        PROVIDE (__tdata_size = SIZEOF (.tdata))
                0x0000000020017f48                PROVIDE (metal_segment_data_source_start = LOADADDR (.data))